---
source: group-by-expression-index.sqltest
expression: |-
  SELECT a, sum(CASE WHEN b->>'x'=1 THEN c END)
        FROM sort_input
       WHERE d BETWEEN 0 AND 10
       GROUP BY a;
info:
  statement_type: SELECT
  tables:
  - sort_input
  setup_blocks:
  - nested_aggregate_indexes
  database: ':memory:'
---
QUERY PLAN
|--SEARCH sort_input USING COVERING INDEX sort_input_idx (d>=? AND d<=?)
`--USE SORTER FOR GROUP BY

BYTECODE
addr  opcode                  p1  p2  p3  p4            p5  comment
   0          Init             0  55   0                 0  Start at 55
   1          Null             0   8   0                 0  r[8]=NULL
   2          SorterOpen       0   3   0  k(1,Binary)    0  cursor=0
   3          Integer          0   5   0                 0  r[5]=0; clear group by abort flag
   4          Null             0   6   0                 0  r[6]=NULL; initialize group by comparison registers to NULL
   5          Gosub           13  51   0                 0  ; go to clear accumulator subroutine
   6          OpenRead         2   3   0  k(5,B,B,B,B)   0  index=sort_input_idx, root=3, iDb=0
   7          Integer          0  14   0                 0  r[14]=0
   8          SeekGE           2  15  14                 0  key=[14..14]
   9          Integer         10  14   0                 0  r[14]=10
  10            IdxGT          2  15  14                 0  key=[14..14]
  11            ColumnRange    2   1  10  3              0  r[10..12]=sort_input_idx.a..c
  12            MakeRecord    10   3   9                 0  r[9]=mkrec(r[10..12])
  13            SorterInsert   0   9   0  0              0  key=r[9]
  14          Next             2  10   0                 0
  15          OpenPseudo       1   9   3                 0  3 columns in r[9]
  16          SorterSort       0  40   0                 0
  17            SorterData     0   9   1                 0  r[9]=data
  18            Column         1   0  15                 0  r[15]=pseudo.column 0
  19            Compare        6  15   1  k(1, Binary)   0  r[6..6]==r[15..15]
  20            Jump          21  25  21                 0  ; start new group if comparison is not equal
  21            Gosub          3  44   0                 0  ; check if ended group had data, and output if so
  22            Move          15   6   1                 0  r[6..6]=r[15..15]
  23            IfPos          5  54   0                 0  r[5]>0 -> r[5]-=0, goto 54; check abort flag
  24            Gosub         13  51   0                 0  ; goto clear accumulator subroutine
  25            ColumnRange    1   1  16  2              0  r[16..17]=pseudo.column 1..column 2
  26            Copy          16  20   0                 0  r[20]=r[16]
  27            Integer        1  21   0                 0  r[21]=1
  28            Integer        1  19   0                 0  r[19]=1
  29            Eq            20  21  31                 0  if r[20]==r[21] goto 31
  30            ZeroOrNull    20  19  21                 0  ((r[20]=NULL)|(r[21]=NULL)) ? r[19]=NULL : r[19]=0
  31            IfNot         19  34   1                 0  if !r[19] goto 34
  32            Copy          17  18   0                 0  r[18]=r[17]
  33            Goto           0  35   0                 0
  34            Null           0  18   0                 0  r[18]=NULL
  35            AggStep        0  18   8  sum            0  accum=r[8] step(r[18])
  36            If             4  38   0                 0  if r[4] goto 38; don't emit group columns if continuing existing group
  37            Column         1   0   7                 0  r[7]=pseudo.column 0
  38            Integer        1   4   0                 0  r[4]=1; indicate data in accumulator
  39          SorterNext       0  17   0                 0
  40          Gosub            3  44   0                 0  ; emit row for final group
  41          Goto             0  54   0                 0  ; group by finished
  42          Integer          1   5   0                 0  r[5]=1
  43        Return             3   0   0                 0
  44        IfPos              4  46   0                 0  r[4]>0 -> r[4]-=0, goto 46; output group by row subroutine start
  45      Return               3   0   0                 0
  46      AggFinal             0   8   0  sum            0  accum=r[8]
  47      Copy                 7   1   0                 0  r[1]=r[7]
  48      Copy                 8   2   0                 0  r[2]=r[8]
  49      ResultRow            1   2   0                 0  output=r[1..2]
  50    Return                 3   0   0                 0
  51    Null                   0   7   8                 0  r[7..8]=NULL; clear accumulator subroutine start
  52    Integer                0   4   0                 0  r[4]=0
  53  Return                  13   0   0                 0
  54  Halt                     0   0   0                 0
  55  Transaction              0   1   4                 0  iDb=0 tx_mode=Read
  56  Goto                     0   1   0                 0
