---
source: tpch.sqltest
expression: |-
  select
          c_count,
          count(*) as custdist
      from
          (
              select
                  c_custkey,
                  count(o_orderkey) as c_count
              from
                  customer left outer join orders on
                      c_custkey = o_custkey
                      and o_comment not like '%express%packages%'
              group by
                  c_custkey
          ) as c_orders
      group by
          c_count
      order by
          custdist desc,
          c_count desc;
info:
  statement_type: SELECT
  tables:
  - c_custkey
  - customer
  - orders
  setup_blocks:
  - schema
  database: ':memory:'
---
QUERY PLAN
|--SCAN c_orders
|  |--HASH JOIN orders
|  |--SCAN customer
|  `--USE SORTER FOR GROUP BY
|--USE SORTER FOR GROUP BY
`--USE SORTER FOR ORDER BY

BYTECODE
addr  opcode                                p1   p2   p3  p4                                          p5  comment
   0                    Init                 0  147    0                                               0  Start at 147
   1                    InitCoroutine        1   96    2                                               0
   2                    Null                 0    9    0                                               0  r[9]=NULL
   3                    SorterOpen           0    2    0  k(1,Binary)                                  0  cursor=0
   4                    Integer              0    6    0                                               0  r[6]=0; clear group by abort flag
   5                    Null                 0    7    0                                               0  r[7]=NULL; initialize group by comparison registers to NULL
   6                    Gosub               13   92    0                                               0  ; go to clear accumulator subroutine
   7                    OpenRead             2    8    0  k(8,B,B,B,B,B,B,B,B)                         0  table=customer, root=8, iDb=0
   8                    OpenRead             3    9    0  k(9,B,B,B,B,B,B,B,B,B)                       0  table=orders, root=9, iDb=0
   9                    Integer              0   14    0                                               0  r[14]=0
  10                    Once                19    0    0                                               0  goto 19
  11                    OpenRead             4    8    0  k(8,B,B,B,B,B,B,B,B)                         0  table=customer, root=8, iDb=0
  12                    Rewind               4   18    0                                               0  Rewind table customer
  13                      RowId              4   15    0                                               0  r[15]=customer.rowid
  14                      Affinity          15    1    0                                               0  r[15..16] = C
  15                      RowId              4   16    0                                               0  r[16]=customer.rowid
  16                      HashBuild          4   15    1  r=[1] budget=67108864 payload=r[16]..r[16]   0
  17                    Next                 4   13    0                                               0
  18                    HashBuildFinalize    1    0    0                                               0
  19                    HashResetMatched     1    0    0                                               0
  20                    Rewind               3   41    0                                               0  Rewind table orders
  21                      Column             3    1   17                                               0  r[17]=orders.O_CUSTKEY
  22                      Affinity          17    1    0                                               0  r[17..18] = C
  23                      RowId              3   19    0                                               0  r[19]=orders.rowid
  24                      Integer            0   20    0                                               0  r[20]=0
  25                      HashProbe          1   17    1  r[21]=40 payload=r[18]..r[18]                0
  26                      Column             3    8   24                                               0  r[24]=orders.O_COMMENT
  27                      Function           1   23   22  like(2)                                      0  r[22]=func(r[23..24])
  28                      If                22   37    1                                               0  if r[22] goto 37
  29                      HashMarkMatched    1    0    0                                               0
  30                      Gosub             25   32    0                                               0
  31                      Goto               0   37    0                                               0
  32                      Copy              18   11    0                                               0  r[11]=r[18]
  33                      RowId              3   12    0                                               0  r[12]=orders.rowid
  34                      MakeRecord        11    2   10                                               0  r[10]=mkrec(r[11..12])
  35                      SorterInsert       0   10    0  0                                            0  key=r[10]
  36                    Return              25    0    0                                               0
  37                    IfPos               20   54    0                                               0  r[20]>0 -> r[20]-=0, goto 54
  38                    HashNext             1   21   40   payload=r[18]..r[18]                        0
  39                    Goto                 0   26    0                                               0
  40                  Next                   3   21    0                                               0
  41                  NullRow                3    0    0                                               0  Set cursor 3 to a (pseudo) NULL row
  42                  HashScanUnmatched      1   21   47                                               0  hash_table_id=1 payload=r[18]..r[18]
  43                  SeekRowid              2   21   47                                               0  if (r[21]!=cursor 2 for table customer.rowid) goto 47
  44                  Gosub                 25   32    0                                               0
  45                  HashNextUnmatched      1   21   47                                               0  hash_table_id=1 payload=r[18]..r[18]
  46                  Goto                   0   43    0                                               0
  47                  HashGraceInit          1    0   65                                               0  hash_table_id=1
  48                  Integer                1   20    0                                               0  r[20]=1
  49                  HashGraceLoadPart      1    0   64                                               0  hash_table_id=1
  50                  HashGraceNextProbe     1   17   56                                               0  hash_table_id=1 keys=r[17]..r[17] probe_rowid_dest=r[19]
  51                  SeekRowid              3   19   50                                               0  if (r[19]!=cursor 3 for table orders.rowid) goto 50
  52                  HashProbe              1   17    1  r[21]=50 payload=r[18]..r[18]                0
  53                  Goto                   0   26    0                                               0
  54                  HashNext               1   21   50   payload=r[18]..r[18]                        0
  55                  Goto                   0   26    0                                               0
  56                  NullRow                3    0    0                                               0  Set cursor 3 to a (pseudo) NULL row
  57                  HashScanUnmatched      1   21   62                                               0  hash_table_id=1 payload=r[18]..r[18]
  58                  SeekRowid              2   21   62                                               0  if (r[21]!=cursor 2 for table customer.rowid) goto 62
  59                  Gosub                 25   32    0                                               0
  60                  HashNextUnmatched      1   21   62                                               0  hash_table_id=1 payload=r[18]..r[18]
  61                  Goto                   0   58    0                                               0
  62                  HashGraceAdvPart       1    0   64                                               0  hash_table_id=1
  63                  Goto                   0   49    0                                               0
  64                  Integer                0   20    0                                               0  r[20]=0
  65                  OpenPseudo             1   10    2                                               0  2 columns in r[10]
  66                  SorterSort             0   81    0                                               0
  67                    SorterData           0   10    1                                               0  r[10]=data
  68                    Column               1    0   26                                               0  r[26]=pseudo.column 0
  69                    Compare              7   26    1  k(1, Binary)                                 0  r[7..7]==r[26..26]
  70                    Jump                71   75   71                                               0  ; start new group if comparison is not equal
  71                    Gosub                4   85    0                                               0  ; check if ended group had data, and output if so
  72                    Move                26    7    1                                               0  r[7..7]=r[26..26]
  73                    IfPos                6   95    0                                               0  r[6]>0 -> r[6]-=0, goto 95; check abort flag
  74                    Gosub               13   92    0                                               0  ; goto clear accumulator subroutine
  75                    Column               1    1   27                                               0  r[27]=pseudo.column 1
  76                    AggStep              0   27    9  count                                        0  accum=r[9] step(r[27])
  77                    If                   5   79    0                                               0  if r[5] goto 79; don't emit group columns if continuing existing group
  78                    Column               1    0    8                                               0  r[8]=pseudo.column 0
  79                    Integer              1    5    0                                               0  r[5]=1; indicate data in accumulator
  80                  SorterNext             0   67    0                                               0
  81                  Gosub                  4   85    0                                               0  ; emit row for final group
  82                  Goto                   0   95    0                                               0  ; group by finished
  83                  Integer                1    6    0                                               0  r[6]=1
  84                Return                   4    0    0                                               0
  85                IfPos                    5   87    0                                               0  r[5]>0 -> r[5]-=0, goto 87; output group by row subroutine start
  86              Return                     4    0    0                                               0
  87              AggFinal                   0    9    0  count                                        0  accum=r[9]
  88              Copy                       8    2    0                                               0  r[2]=r[8]
  89              Copy                       9    3    0                                               0  r[3]=r[9]
  90              Yield                      1    0    0                                               0
  91            Return                       4    0    0                                               0
  92            Null                         0    8    9                                               0  r[8..9]=NULL; clear accumulator subroutine start
  93            Integer                      0    5    0                                               0  r[5]=0
  94          Return                        13    0    0                                               0
  95          EndCoroutine                   1    0    0                                               0
  96          SorterOpen                     5    3    0  k(3,-Binary,-Binary,Binary)                  0  cursor=5
  97          Null                           0   36    0                                               0  r[36]=NULL
  98          SorterOpen                     6    1    0  k(1,-Binary)                                 0  cursor=6
  99          Integer                        0   33    0                                               0  r[33]=0; clear group by abort flag
 100          Null                           0   34    0                                               0  r[34]=NULL; initialize group by comparison registers to NULL
 101          Gosub                         39  136    0                                               0  ; go to clear accumulator subroutine
 102          InitCoroutine                  1    0    2                                               0
 103            Yield                        1  108    0                                               0
 104            Copy                         3   38    0                                               0  r[38]=r[3]
 105            MakeRecord                  38    1   37                                               0  r[37]=mkrec(r[38..38])
 106            SorterInsert                 6   37    0  0                                            0  key=r[37]
 107          Goto                           0  103    0                                               0
 108          OpenPseudo                     7   37    1                                               0  1 columns in r[37]
 109          SorterSort                     6  123    0                                               0
 110            SorterData                   6   37    7                                               0  r[37]=data
 111            Column                       7    0   40                                               0  r[40]=pseudo.column 0
 112            Compare                     34   40    1  k(1, Binary)                                 0  r[34..34]==r[40..40]
 113            Jump                       114  118  114                                               0  ; start new group if comparison is not equal
 114            Gosub                       31  127    0                                               0  ; check if ended group had data, and output if so
 115            Move                        40   34    1                                               0  r[34..34]=r[40..40]
 116            IfPos                       33  139    0                                               0  r[33]>0 -> r[33]-=0, goto 139; check abort flag
 117            Gosub                       39  136    0                                               0  ; goto clear accumulator subroutine
 118            AggStep                      0   41   36  count                                        0  accum=r[36] step(r[41])
 119            If                          32  121    0                                               0  if r[32] goto 121; don't emit group columns if continuing existing group
 120            Column                       7    0   35                                               0  r[35]=pseudo.column 0
 121            Integer                      1   32    0                                               0  r[32]=1; indicate data in accumulator
 122          SorterNext                     6  110    0                                               0
 123          Gosub                         31  127    0                                               0  ; emit row for final group
 124          Goto                           0  139    0                                               0  ; group by finished
 125          Integer                        1   33    0                                               0  r[33]=1
 126        Return                          31    0    0                                               0
 127        IfPos                           32  129    0                                               0  r[32]>0 -> r[32]-=0, goto 129; output group by row subroutine start
 128      Return                            31    0    0                                               0
 129      AggFinal                           0   36    0  count                                        0  accum=r[36]
 130      Copy                              36   42    0                                               0  r[42]=r[36]
 131      Copy                              35   43    0                                               0  r[43]=r[35]
 132      Sequence                           5   44    0                                               0
 133      MakeRecord                        42    3   30                                               0  r[30]=mkrec(r[42..44])
 134      SorterInsert                       5   30    0  0                                            0  key=r[30]
 135    Return                              31    0    0                                               0
 136    Null                                 0   35   36                                               0  r[35..36]=NULL; clear accumulator subroutine start
 137    Integer                              0   32    0                                               0  r[32]=0
 138  Return                                39    0    0                                               0
 139  OpenPseudo                             8   30    3                                               0  3 columns in r[30]
 140  SorterSort                             5  146    0                                               0
 141    SorterData                           5   30    8                                               0  r[30]=data
 142    Column                               8    1   28                                               0  r[28]=pseudo.column 1
 143    Column                               8    0   29                                               0  r[29]=pseudo.column 0
 144    ResultRow                           28    2    0                                               0  output=r[28..29]
 145  SorterNext                             5  141    0                                               0
 146  Halt                                   0    0    0                                               0
 147  Transaction                            0    1    8                                               0  iDb=0 tx_mode=Read
 148  String8                                0   23    0  %express%packages%                           0  r[23]='%express%packages%'
 149  Integer                                1   41    0                                               0  r[41]=1
 150  Goto                                   0    1    0                                               0
