---
source: tpch.sqltest
expression: |-
  select
          s_name,
          s_address
      from
          supplier,
          nation
      where
          s_suppkey in (
              select
                  ps_suppkey
              from
                  partsupp
              where
                  ps_partkey in (
                      select
                          p_partkey
                      from
                          part
                      where
                          p_name like 'frosted%'
                  )
                  and ps_availqty > (
                      select
                          0.5 * sum(l_quantity)
                      from
                          lineitem
                      where
                          l_partkey = ps_partkey
                          and l_suppkey = ps_suppkey
                          and l_shipdate >= '1994-01-01'
                          and l_shipdate < '1995-01-01'
                  )
          )
          and s_nationkey = n_nationkey
          and n_name = 'IRAN'
      order by
          s_name;
info:
  statement_type: SELECT
  tables:
  - lineitem
  - part
  - partsupp
  - supplier
  setup_blocks:
  - schema
  database: ':memory:'
---
QUERY PLAN
|--LIST SUBQUERY 1
|  |--MATERIALIZE hash build input for partsupp
|  |  |--LIST SUBQUERY 2
|  |  |  `--SCAN part
|  |  `--SEARCH partsupp USING INDEX sqlite_autoindex_partsupp_1 (ps_partkey=?)
|  |--LIST SUBQUERY 3
|  |  `--SCAN part
|  |--HASH JOIN lineitem
|  `--USE SORTER FOR GROUP BY
|--SEARCH supplier USING INTEGER PRIMARY KEY (rowid=?)
|--SEARCH nation USING INTEGER PRIMARY KEY (rowid=?)
`--USE SORTER FOR ORDER BY

BYTECODE
addr  opcode                        p1   p2   p3  p4                                          p5  comment
   0            Init                 0  190    0                                               0  Start at 190
   1            Once               167    0    0                                               0  goto 167
   2            OpenEphemeral        1    0    0                                               0  cursor=1 is_table=false
   3            OpenEphemeral        2    1    0                                               0  cursor=2 is_table=true
   4            Once                15    0    0                                               0  goto 15
   5            OpenEphemeral        0    0    0                                               0  cursor=0 is_table=false
   6            OpenRead             3    4    0  k(9,B,B,B,B,B,B,B,B,B)                       0  table=part, root=4, iDb=0
   7            Rewind               3   15    0                                               0  Rewind table part
   8              Column             3    1    5                                               0  r[5]=part.P_NAME
   9              Function           1    4    3  like(2)                                      0  r[3]=func(r[4..5])
  10              IfNot              3   14    1                                               0  if !r[3] goto 14
  11              RowId              3    2    0                                               0  r[2]=part.rowid
  12              MakeRecord         2    1    6                                               0  r[6]=mkrec(r[2..2]); for ephemeral_index_where_sub_t5
  13              IdxInsert          0    6    0                                               8  key=r[6]
  14            Next                 3    8    0                                               1
  15            OpenRead             4    6    0  k(6,B,B,B,B,B)                               0  table=partsupp, root=6, iDb=0
  16            OpenRead             5    7    0  k(3,B,B)                                     0  index=sqlite_autoindex_partsupp_1, root=7, iDb=0
  17            NullRow              0    0    0                                               0  Set cursor 0 to a (pseudo) NULL row
  18            Rewind               0   51    0                                               0  Rewind  ephemeral(ephemeral_index_where_sub_t5)
  19              Column             0    0   13                                               0  r[13]=ephemeral(ephemeral_index_where_sub_t5).P_PARTKEY
  20              IsNull            13   50    0                                               0  if (r[13]==NULL) goto 50
  21              SeekGE             5   50   13                                               0  key=[13..13]
  22                IdxGT            5   50   13                                               0  key=[13..13]
  23                DeferredSeek     5    4    0                                               0
  24                Integer          0   14    0                                               0  r[14]=0
  25                Column           5    0   15                                               0  r[15]=sqlite_autoindex_partsupp_1.ps_partkey
  26                IsNull          15   30    0                                               0  if (r[15]==NULL) goto 30
  27                Affinity        15    1    0                                               0  r[15..16] = C
  28                NotFound         0   30   15                                               0  if not found goto 30
  29                Goto             0   36    0                                               0
  30                Rewind           0   38    0                                               0  Rewind  ephemeral(ephemeral_index_where_sub_t5)
  31                  Column         0    0   16                                               0  r[16]=ephemeral(ephemeral_index_where_sub_t5).P_PARTKEY
  32                  Ne            15   16   34  Binary                                       0  if r[15]!=r[16] goto 34
  33                  Goto           0   40    0                                               0
  34                Next             0   31    0                                               0
  35                Goto             0   38    0                                               0
  36                Integer          1   14    0                                               0  r[14]=1
  37                Goto             0   41    0                                               0
  38                Integer          0   14    0                                               0  r[14]=0
  39                Goto             0   41    0                                               0
  40                Null             0   14    0                                               0  r[14]=NULL
  41                IfNot           14   49    1                                               0  if !r[14] goto 49
  42                ColumnRange      5    0    7  2                                            0  r[7..8]=sqlite_autoindex_partsupp_1.ps_partkey..ps_suppkey
  43                ColumnRange      5    0    9  2                                            0  r[9..10]=sqlite_autoindex_partsupp_1.ps_partkey..ps_suppkey
  44                Column           4    2   11                                               0  r[11]=partsupp.PS_AVAILQTY
  45                RowId            4   12    0                                               0  r[12]=partsupp.rowid
  46                MakeRecord       7    6   17                                               0  r[17]=mkrec(r[7..12]); for hash_build_input_t9
  47                NewRowid         2   18    0                                               0  r[18]=rowid
  48                Insert           2   17   18  hash_build_input_t9                          4  intkey=r[18] data=r[17]
  49              Next               5   22    0                                               0
  50            Next                 0   19    0                                               0
  51            Once                62    0    0                                               0  goto 62
  52            OpenEphemeral        0    0    0                                               0  cursor=0 is_table=false
  53            OpenRead             3    4    0  k(9,B,B,B,B,B,B,B,B,B)                       0  table=part, root=4, iDb=0
  54            Rewind               3   62    0                                               0  Rewind table part
  55              Column             3    1   22                                               0  r[22]=part.P_NAME
  56              Function           1   21   20  like(2)                                      0  r[20]=func(r[21..22])
  57              IfNot             20   61    1                                               0  if !r[20] goto 61
  58              RowId              3   19    0                                               0  r[19]=part.rowid
  59              MakeRecord        19    1   23                                               0  r[23]=mkrec(r[19..19]); for ephemeral_index_where_sub_t5
  60              IdxInsert          0   23    0                                               8  key=r[23]
  61            Next                 3   55    0                                               1
  62            Null                 0   32    0                                               0  r[32]=NULL
  63            SorterOpen           6    5    0  k(1,Binary)                                  0  cursor=6
  64            Integer              0   27    0                                               0  r[27]=0; clear group by abort flag
  65            Null                 0   28    0                                               0  r[28]=NULL; initialize group by comparison registers to NULL
  66            Gosub               39  164    0                                               0  ; go to clear accumulator subroutine
  67            OpenRead             8   10    0  k(17,B,B,B,B,B,B,B,B,B,B,B,B,B,B,B,B)        0  table=lineitem, root=10, iDb=0
  68            Integer              0   40    0                                               0  r[40]=0
  69            Once                78    0    0                                               0  goto 78
  70            Rewind               2   77    0                                               0  Rewind  ephemeral(hash_build_input_t9)
  71              ColumnRange        2    0   41  2                                            0  r[41..42]=ephemeral(hash_build_input_t9).key_0..key_1
  72              Affinity          41    2    0                                               0  r[41..43] = C, C
  73              ColumnRange        2    2   43  4                                            0  r[43..46]=ephemeral(hash_build_input_t9).payload_0..payload_3
  74              HashBuild          2   41    2  r=[4] budget=67108864 payload=r[43]..r[46]   0
  75              FilterAdd          2   41    2                                               0  bloom_filter_add(r[41..43])
  76            Next                 2   71    0                                               0
  77            HashBuildFinalize    4    0    0                                               0
  78            HashResetMatched     4    0    0                                               0
  79            Rewind               8  105    0                                               0  Rewind table lineitem
  80              ColumnRange        8    1   47  2                                            0  r[47..48]=lineitem.L_PARTKEY..L_SUPPKEY
  81              Affinity          47    2    0                                               0  r[47..49] = C, C
  82              Filter             2  104   47                                               2  if !bloom_filter(r[47..49]) goto 104
  83              RowId              8   53    0                                               0  r[53]=lineitem.rowid
  84              Integer            0   54    0                                               0  r[54]=0
  85              HashProbe          4   47    2  r[55]=104 payload=r[49]..r[52]               0
  86              Column             8   10   57                                               0  r[57]=lineitem.L_SHIPDATE
  87              Lt                57   58  101  Binary                                       0  if r[57]<r[58] goto 101
  88              Column             8   10   60                                               0  r[60]=lineitem.L_SHIPDATE
  89              Ge                60   61  101  Binary                                       0  if r[60]>=r[61] goto 101
  90              HashMarkMatched    4    0    0                                               0
  91              Gosub             62   93    0                                               0
  92              Goto               0  101    0                                               0
  93              Copy              52   34    0                                               0  r[34]=r[52]
  94              Copy              50   35    0                                               0  r[35]=r[50]
  95              Copy              51   36    0                                               0  r[36]=r[51]
  96              Column             8    4   37                                               0  r[37]=lineitem.L_QUANTITY
  97              RowId              8   38    0                                               0  r[38]=lineitem.rowid
  98              MakeRecord        34    5   33                                               0  r[33]=mkrec(r[34..38])
  99              SorterInsert       6   33    0  0                                            0  key=r[33]
 100            Return              62    0    0                                               0
 101            IfPos               54  117    0                                               0  r[54]>0 -> r[54]-=0, goto 117
 102            HashNext             4   55  104   payload=r[49]..r[52]                        0
 103            Goto                 0   86    0                                               0
 104          Next                   8   80    0                                               0
 105          NullRow                8    0    0                                               0  Set cursor 8 to a (pseudo) NULL row
 106          HashScanUnmatched      4   55  110                                               0  hash_table_id=4 payload=r[49]..r[52]
 107          Gosub                 62   93    0                                               0
 108          HashNextUnmatched      4   55  110                                               0  hash_table_id=4 payload=r[49]..r[52]
 109          Goto                   0  107    0                                               0
 110          HashGraceInit          4    0  127                                               0  hash_table_id=4
 111          Integer                1   54    0                                               0  r[54]=1
 112          HashGraceLoadPart      4    0  126                                               0  hash_table_id=4
 113          HashGraceNextProbe     4   47  119                                               0  hash_table_id=4 keys=r[47]..r[48] probe_rowid_dest=r[53]
 114          SeekRowid              8   53  113                                               0  if (r[53]!=cursor 8 for table lineitem.rowid) goto 113
 115          HashProbe              4   47    2  r[55]=113 payload=r[49]..r[52]               0
 116          Goto                   0   86    0                                               0
 117          HashNext               4   55  113   payload=r[49]..r[52]                        0
 118          Goto                   0   86    0                                               0
 119          NullRow                8    0    0                                               0  Set cursor 8 to a (pseudo) NULL row
 120          HashScanUnmatched      4   55  124                                               0  hash_table_id=4 payload=r[49]..r[52]
 121          Gosub                 62   93    0                                               0
 122          HashNextUnmatched      4   55  124                                               0  hash_table_id=4 payload=r[49]..r[52]
 123          Goto                   0  121    0                                               0
 124          HashGraceAdvPart       4    0  126                                               0  hash_table_id=4
 125          Goto                   0  112    0                                               0
 126          Integer                0   54    0                                               0  r[54]=0
 127          OpenPseudo             7   33    5                                               0  5 columns in r[33]
 128          SorterSort             6  148    0                                               0
 129            SorterData           6   33    7                                               0  r[33]=data
 130            Column               7    0   63                                               0  r[63]=pseudo.column 0
 131            Compare             28   63    1  k(1, Binary)                                 0  r[28..28]==r[63..63]
 132            Jump               133  137  133                                               0  ; start new group if comparison is not equal
 133            Gosub               25  152    0                                               0  ; check if ended group had data, and output if so
 134            Move                63   28    1                                               0  r[28..28]=r[63..63]
 135            IfPos               27  167    0                                               0  r[27]>0 -> r[27]-=0, goto 167; check abort flag
 136            Gosub               39  164    0                                               0  ; goto clear accumulator subroutine
 137            ColumnRange          7    3   64  2                                            0  r[64..65]=pseudo.column 3..column 4
 138            Copy                65   67    0                                               0  r[67]=r[65]
 139            Integer              1   66    0                                               0  r[66]=1
 140            NotNull             67  142    0                                               0  r[67]!=NULL -> goto 142
 141            Integer              0   66    0                                               0  r[66]=0
 142            IfNot               66  144    1                                               0  if !r[66] goto 144
 143            AggStep              0   64   32  sum                                          0  accum=r[32] step(r[64])
 144            If                  26  146    0                                               0  if r[26] goto 146; don't emit group columns if continuing existing group
 145            ColumnRange          7    1   29  2                                            0  r[29..30]=pseudo.column 1..column 2
 146            Integer              1   26    0                                               0  r[26]=1; indicate data in accumulator
 147          SorterNext             6  129    0                                               0
 148          Gosub                 25  152    0                                               0  ; emit row for final group
 149          Goto                   0  167    0                                               0  ; group by finished
 150          Integer                1   27    0                                               0  r[27]=1
 151        Return                  25    0    0                                               0
 152        IfPos                   26  154    0                                               0  r[26]>0 -> r[26]-=0, goto 154; output group by row subroutine start
 153      Return                    25    0    0                                               0
 154      AggFinal                   0   32    0  sum                                          0  accum=r[32]
 155      Copy                      30   69    0                                               0  r[69]=r[30]
 156      Real                       0   71    0  0.5                                          0  r[71]=0.5
 157      Copy                      32   72    0                                               0  r[72]=r[32]
 158      Multiply                  71   72   70                                               0  r[70]=r[71]*r[72]
 159      Le                        69   70  153  Binary                                       0  if r[69]<=r[70] goto 153
 160      Copy                      29   24    0                                               0  r[24]=r[29]
 161      MakeRecord                24    1   73                                               0  r[73]=mkrec(r[24..24]); for ephemeral_index_where_sub_t3
 162      IdxInsert                  1   73    0                                               8  key=r[73]
 163    Return                      25    0    0                                               0
 164    Null                         0   29   32                                               0  r[29..32]=NULL; clear accumulator subroutine start
 165    Integer                      0   26    0                                               0  r[26]=0
 166  Return                        39    0    0                                               0
 167  SorterOpen                    10    1    0  k(1,Binary)                                  0  cursor=10
 168  OpenRead                      11    5    0  k(7,B,B,B,B,B,B,B)                           0  table=supplier, root=5, iDb=0
 169  OpenRead                      12    2    0  k(4,B,B,B,B)                                 0  table=nation, root=2, iDb=0
 170  NullRow                        1    0    0                                               0  Set cursor 1 to a (pseudo) NULL row
 171  Rewind                         1  183    0                                               0  Rewind  ephemeral(ephemeral_index_where_sub_t3)
 172    Column                       1    0   77                                               0  r[77]=ephemeral(ephemeral_index_where_sub_t3).PS_SUPPKEY
 173    IsNull                      77  182    0                                               0  if (r[77]==NULL) goto 182
 174    SeekRowid                   11   77  182                                               0  if (r[77]!=cursor 11 for table supplier.rowid) goto 182
 175    Column                      11    3   78                                               0  r[78]=supplier.S_NATIONKEY
 176    SeekRowid                   12   78  182                                               0  if (r[78]!=cursor 12 for table nation.rowid) goto 182
 177    Column                      12    1   80                                               0  r[80]=nation.N_NAME
 178    Ne                          80   81  182  Binary                                       0  if r[80]!=r[81] goto 182
 179    ColumnRange                 11    1   82  2                                            0  r[82..83]=supplier.S_NAME..S_ADDRESS
 180    MakeRecord                  82    2   76                                               0  r[76]=mkrec(r[82..83])
 181    SorterInsert                10   76    0  0                                            0  key=r[76]
 182  Next                           1  172    0                                               0
 183  OpenPseudo                    13   76    2                                               0  2 columns in r[76]
 184  SorterSort                    10  189    0                                               0
 185    SorterData                  10   76   13                                               0  r[76]=data
 186    ColumnRange                 13    0   74  2                                            0  r[74..75]=pseudo.column 0..column 1
 187    ResultRow                   74    2    0                                               0  output=r[74..75]
 188  SorterNext                    10  185    0                                               0
 189  Halt                           0    0    0                                               0
 190  Transaction                    0    1    8                                               0  iDb=0 tx_mode=Read
 191  String8                        0    4    0  frosted%                                     0  r[4]='frosted%'
 192  String8                        0   21    0  frosted%                                     0  r[21]='frosted%'
 193  String8                        0   58    0  1994-01-01                                   0  r[58]='1994-01-01'
 194  String8                        0   61    0  1995-01-01                                   0  r[61]='1995-01-01'
 195  String8                        0   81    0  IRAN                                         0  r[81]='IRAN'
 196  Goto                           0    1    0                                               0
