---
source: tpch.sqltest
expression: |-
  select
          l_returnflag,
          l_linestatus,
          sum(l_quantity) as sum_qty,
          sum(l_extendedprice) as sum_base_price,
          sum(l_extendedprice * (1 - l_discount)) as sum_disc_price,
          sum(l_extendedprice * (1 - l_discount) * (1 + l_tax)) as sum_charge,
          avg(l_quantity) as avg_qty,
          avg(l_extendedprice) as avg_price,
          avg(l_discount) as avg_disc,
          count(*) as count_order
      from
          lineitem
      where
          l_shipdate <= '1998-12-01'
      group by
          l_returnflag,
          l_linestatus
      order by
          l_returnflag,
          l_linestatus;
info:
  statement_type: SELECT
  tables:
  - lineitem
  setup_blocks:
  - schema
  database: ':memory:'
---
QUERY PLAN
|--SCAN lineitem
`--USE SORTER FOR GROUP BY

BYTECODE
addr  opcode                  p1  p2  p3  p4                                     p5  comment
   0          Init             0  79   0                                          0  Start at 79
   1          Null             0  18  25                                          0  r[18..25]=NULL
   2          SorterOpen       0   6   0  k(2,Binary,Binary)                      0  cursor=0
   3          Integer          0  13   0                                          0  r[13]=0; clear group by abort flag
   4          Null             0  14  15                                          0  r[14..15]=NULL; initialize group by comparison registers to NULL
   5          Gosub           33  75   0                                          0  ; go to clear accumulator subroutine
   6          OpenRead         2  10   0  k(17,B,B,B,B,B,B,B,B,B,B,B,B,B,B,B,B)   0  table=lineitem, root=10, iDb=0
   7          Rewind           2  15   0                                          0  Rewind table lineitem
   8            Column         2  10  35                                          0  r[35]=lineitem.L_SHIPDATE
   9            Gt            35  36  14  Binary                                  0  if r[35]>r[36] goto 14
  10            ColumnRange    2   8  27  2                                       0  r[27..28]=lineitem.L_RETURNFLAG..L_LINESTATUS
  11            ColumnRange    2   4  29  4                                       0  r[29..32]=lineitem.L_QUANTITY..L_TAX
  12            MakeRecord    27   6  26                                          0  r[26]=mkrec(r[27..32])
  13            SorterInsert   0  26   0  0                                       0  key=r[26]
  14          Next             2   8   0                                          1
  15          OpenPseudo       1  26   6                                          0  6 columns in r[26]
  16          SorterSort       0  49   0                                          0
  17            SorterData     0  26   1                                          0  r[26]=data
  18            ColumnRange    1   0  37  2                                       0  r[37..38]=pseudo.column 0..column 1
  19            Compare       14  37   2  k(2, Binary, Binary)                    0  r[14..15]==r[37..38]
  20            Jump          21  25  21                                          0  ; start new group if comparison is not equal
  21            Gosub         11  53   0                                          0  ; check if ended group had data, and output if so
  22            Move          37  14   2                                          0  r[14..15]=r[37..38]
  23            IfPos         13  78   0                                          0  r[13]>0 -> r[13]-=0, goto 78; check abort flag
  24            Gosub         33  75   0                                          0  ; goto clear accumulator subroutine
  25            ColumnRange    1   2  39  4                                       0  r[39..42]=pseudo.column 2..column 5
  26            AggStep        0  39  18  sum                                     0  accum=r[18] step(r[39])
  27            AggStep        0  40  19  sum                                     0  accum=r[19] step(r[40])
  28            Copy          40  44   0                                          0  r[44]=r[40]
  29            Copy          41  47   0                                          0  r[47]=r[41]
  30            Subtract      46  47  45                                          0  r[45]=r[46]-r[47]
  31            Multiply      44  45  43                                          0  r[43]=r[44]*r[45]
  32            AggStep        0  43  20  sum                                     0  accum=r[20] step(r[43])
  33            Copy          40  51   0                                          0  r[51]=r[40]
  34            Copy          41  54   0                                          0  r[54]=r[41]
  35            Subtract      53  54  52                                          0  r[52]=r[53]-r[54]
  36            Multiply      51  52  49                                          0  r[49]=r[51]*r[52]
  37            Copy          42  56   0                                          0  r[56]=r[42]
  38            Add           55  56  50                                          0  r[50]=r[55]+r[56]
  39            Multiply      49  50  48                                          0  r[48]=r[49]*r[50]
  40            AggStep        0  48  21  sum                                     0  accum=r[21] step(r[48])
  41            AggStep        0  39  22  avg                                     0  accum=r[22] step(r[39])
  42            AggStep        0  40  23  avg                                     0  accum=r[23] step(r[40])
  43            AggStep        0  41  24  avg                                     0  accum=r[24] step(r[41])
  44            AggStep        0  57  25  count                                   0  accum=r[25] step(r[57])
  45            If            12  47   0                                          0  if r[12] goto 47; don't emit group columns if continuing existing group
  46            ColumnRange    1   0  16  2                                       0  r[16..17]=pseudo.column 0..column 1
  47            Integer        1  12   0                                          0  r[12]=1; indicate data in accumulator
  48          SorterNext       0  17   0                                          0
  49          Gosub           11  53   0                                          0  ; emit row for final group
  50          Goto             0  78   0                                          0  ; group by finished
  51          Integer          1  13   0                                          0  r[13]=1
  52        Return            11   0   0                                          0
  53        IfPos             12  55   0                                          0  r[12]>0 -> r[12]-=0, goto 55; output group by row subroutine start
  54      Return              11   0   0                                          0
  55      AggFinal             0  18   0  sum                                     0  accum=r[18]
  56      AggFinal             0  19   0  sum                                     0  accum=r[19]
  57      AggFinal             0  20   0  sum                                     0  accum=r[20]
  58      AggFinal             0  21   0  sum                                     0  accum=r[21]
  59      AggFinal             0  22   0  avg                                     0  accum=r[22]
  60      AggFinal             0  23   0  avg                                     0  accum=r[23]
  61      AggFinal             0  24   0  avg                                     0  accum=r[24]
  62      AggFinal             0  25   0  count                                   0  accum=r[25]
  63      Copy                16   1   0                                          0  r[1]=r[16]
  64      Copy                17   2   0                                          0  r[2]=r[17]
  65      Copy                18   3   0                                          0  r[3]=r[18]
  66      Copy                19   4   0                                          0  r[4]=r[19]
  67      Copy                20   5   0                                          0  r[5]=r[20]
  68      Copy                21   6   0                                          0  r[6]=r[21]
  69      Copy                22   7   0                                          0  r[7]=r[22]
  70      Copy                23   8   0                                          0  r[8]=r[23]
  71      Copy                24   9   0                                          0  r[9]=r[24]
  72      Copy                25  10   0                                          0  r[10]=r[25]
  73      ResultRow            1  10   0                                          0  output=r[1..10]
  74    Return                11   0   0                                          0
  75    Null                   0  16  25                                          0  r[16..25]=NULL; clear accumulator subroutine start
  76    Integer                0  12   0                                          0  r[12]=0
  77  Return                  33   0   0                                          0
  78  Halt                     0   0   0                                          0
  79  Transaction              0   1   8                                          0  iDb=0 tx_mode=Read
  80  String8                  0  36   0  1998-12-01                              0  r[36]='1998-12-01'
  81  Integer                  1  46   0                                          0  r[46]=1
  82  Integer                  1  53   0                                          0  r[53]=1
  83  Integer                  1  55   0                                          0  r[55]=1
  84  Integer                  1  57   0                                          0  r[57]=1
  85  Goto                     0   1   0                                          0
