---
source: tpch.sqltest
expression: |-
  select
          sum(l_extendedprice) / 7.0 as avg_yearly
      from
          lineitem,
          part
      where
          p_partkey = l_partkey
          and p_brand = 'Brand#52'
          and p_container = 'LG CAN'
          and l_quantity < (
              select
                  0.2 * avg(l_quantity)
              from
                  lineitem
              where
                  l_partkey = p_partkey
          );
info:
  statement_type: SELECT
  tables:
  - lineitem
  setup_blocks:
  - schema
  database: ':memory:'
---
QUERY PLAN
|--HASH JOIN lineitem
|--SEARCH scalar_subquery_t3 USING INDEX ephemeral_subquery_t3 (correlation_key_0=?)
|  |--SCAN lineitem
|  `--USE SORTER FOR GROUP BY
`--SCAN part

BYTECODE
addr  opcode                  p1   p2   p3  p4                                          p5  comment
   0          Init             0  108    0                                               0  Start at 108
   1          Once            51    0    0                                               0  goto 51
   2          OpenEphemeral    0    0    0                                               0  cursor=0 is_table=false
   3          Null             0    8    0                                               0  r[8]=NULL
   4          SorterOpen       1    2    0  k(1,Binary)                                  0  cursor=1
   5          Integer          0    5    0                                               0  r[5]=0; clear group by abort flag
   6          Null             0    6    0                                               0  r[6]=NULL; initialize group by comparison registers to NULL
   7          Gosub           12   48    0                                               0  ; go to clear accumulator subroutine
   8          OpenRead         3   10    0  k(17,B,B,B,B,B,B,B,B,B,B,B,B,B,B,B,B)        0  table=lineitem, root=10, iDb=0
   9          Rewind           3   15    0                                               0  Rewind table lineitem
  10            Column         3    1   10                                               0  r[10]=lineitem.L_PARTKEY
  11            Column         3    4   11                                               0  r[11]=lineitem.L_QUANTITY
  12            MakeRecord    10    2    9                                               0  r[9]=mkrec(r[10..11])
  13            SorterInsert   1    9    0  0                                            0  key=r[9]
  14          Next             3   10    0                                               1
  15          OpenPseudo       2    9    2                                               0  2 columns in r[9]
  16          SorterSort       1   31    0                                               0
  17            SorterData     1    9    2                                               0  r[9]=data
  18            Column         2    0   13                                               0  r[13]=pseudo.column 0
  19            Compare        6   13    1  k(1, Binary)                                 0  r[6..6]==r[13..13]
  20            Jump          21   25   21                                               0  ; start new group if comparison is not equal
  21            Gosub          3   35    0                                               0  ; check if ended group had data, and output if so
  22            Move          13    6    1                                               0  r[6..6]=r[13..13]
  23            IfPos          5   51    0                                               0  r[5]>0 -> r[5]-=0, goto 51; check abort flag
  24            Gosub         12   48    0                                               0  ; goto clear accumulator subroutine
  25            Column         2    1   14                                               0  r[14]=pseudo.column 1
  26            AggStep        0   14    8  avg                                          0  accum=r[8] step(r[14])
  27            If             4   29    0                                               0  if r[4] goto 29; don't emit group columns if continuing existing group
  28            Column         2    0    7                                               0  r[7]=pseudo.column 0
  29            Integer        1    4    0                                               0  r[4]=1; indicate data in accumulator
  30          SorterNext       1   17    0                                               0
  31          Gosub            3   35    0                                               0  ; emit row for final group
  32          Goto             0   51    0                                               0  ; group by finished
  33          Integer          1    5    0                                               0  r[5]=1
  34        Return             3    0    0                                               0
  35        IfPos              4   37    0                                               0  r[4]>0 -> r[4]-=0, goto 37; output group by row subroutine start
  36      Return               3    0    0                                               0
  37      AggFinal             0    8    0  avg                                          0  accum=r[8]
  38      Real                 0   15    0  0.2                                          0  r[15]=0.2
  39      Copy                 8   16    0                                               0  r[16]=r[8]
  40      Multiply            15   16    1                                               0  r[1]=r[15]*r[16]
  41      Copy                 7    2    0                                               0  r[2]=r[7]
  42      Copy                 2   18    0                                               0  r[18]=r[2]
  43      Copy                 1   19    0                                               0  r[19]=r[1]
  44      Sequence             0   20    0                                               0
  45      MakeRecord          18    3   17                                               0  r[17]=mkrec(r[18..20]); for ephemeral_subquery_t3
  46      IdxInsert            0   17    0                                               8  key=r[17]
  47    Return                 3    0    0                                               0
  48    Null                   0    7    8                                               0  r[7..8]=NULL; clear accumulator subroutine start
  49    Integer                0    4    0                                               0  r[4]=0
  50  Return                  12    0    0                                               0
  51  Null                     0   22    0                                               0  r[22]=NULL
  52  OpenRead                 4   10    0  k(17,B,B,B,B,B,B,B,B,B,B,B,B,B,B,B,B)        0  table=lineitem, root=10, iDb=0
  53  OpenRead                 5    4    0  k(9,B,B,B,B,B,B,B,B,B)                       0  table=part, root=4, iDb=0
  54  Once                    70    0    0                                               0  goto 70
  55  OpenRead                 6    4    0  k(9,B,B,B,B,B,B,B,B,B)                       0  table=part, root=4, iDb=0
  56  Rewind                   6   69    0                                               0  Rewind table part
  57    Column                 6    3   25                                               0  r[25]=part.P_BRAND
  58    Ne                    25   26   68  Binary                                       0  if r[25]!=r[26] goto 68
  59    Column                 6    6   28                                               0  r[28]=part.P_CONTAINER
  60    Ne                    28   29   68  Binary                                       0  if r[28]!=r[29] goto 68
  61    RowId                  6   23    0                                               0  r[23]=part.rowid
  62    Affinity              23    1    0                                               0  r[23..24] = C
  63    RowId                  6   30    0                                               0  r[30]=part.rowid
  64    Column                 6    3   31                                               0  r[31]=part.P_BRAND
  65    Column                 6    6   32                                               0  r[32]=part.P_CONTAINER
  66    HashBuild              6   23    1  r=[2] budget=67108864 payload=r[30]..r[32]   0
  67    FilterAdd              6   23    1                                               0  bloom_filter_add(r[23..24])
  68  Next                     6   57    0                                               0
  69  HashBuildFinalize        2    0    0                                               0
  70  Rewind                   4   90    0                                               0  Rewind table lineitem
  71    Column                 4    1   33                                               0  r[33]=lineitem.L_PARTKEY
  72    Affinity              33    1    0                                               0  r[33..34] = C
  73    Filter                 6   89   33                                               1  if !bloom_filter(r[33..34]) goto 89
  74    RowId                  4   37    0                                               0  r[37]=lineitem.rowid
  75    Integer                0   38    0                                               0  r[38]=0
  76    HashProbe              2   33    1  r[39]=89 payload=r[34]..r[36]                0
  77    Copy                  34   40    0                                               0  r[40]=r[34]
  78    SeekGE                 0   86   40                                               0  key=[40..40]
  79      IdxGT                0   86   40                                               0  key=[40..40]
  80      Column               4    4   42                                               0  r[42]=lineitem.L_QUANTITY
  81      Column               0    1   43                                               0  r[43]=ephemeral(ephemeral_subquery_t3).0.2 * avg(l_quantity)
  82      Ge                  42   43   85  Binary                                       0  if r[42]>=r[43] goto 85
  83      Column               4    5   44                                               0  r[44]=lineitem.L_EXTENDEDPRICE
  84      AggStep              0   44   22  sum                                          0  accum=r[22] step(r[44])
  85    Next                   0   79    0                                               0
  86    IfPos                 38   97    0                                               0  r[38]>0 -> r[38]-=0, goto 97
  87    HashNext               2   39   89   payload=r[34]..r[36]                        0
  88    Goto                   0   77    0                                               0
  89  Next                     4   71    0                                               0
  90  HashGraceInit            2    0  102                                               0  hash_table_id=2
  91  Integer                  1   38    0                                               0  r[38]=1
  92  HashGraceLoadPart        2    0  101                                               0  hash_table_id=2
  93  HashGraceNextProbe       2   33   99                                               0  hash_table_id=2 keys=r[33]..r[33] probe_rowid_dest=r[37]
  94  SeekRowid                4   37   93                                               0  if (r[37]!=cursor 4 for table lineitem.rowid) goto 93
  95  HashProbe                2   33    1  r[39]=93 payload=r[34]..r[36]                0
  96  Goto                     0   77    0                                               0
  97  HashNext                 2   39   93   payload=r[34]..r[36]                        0
  98  Goto                     0   77    0                                               0
  99  HashGraceAdvPart         2    0  101                                               0  hash_table_id=2
 100  Goto                     0   92    0                                               0
 101  Integer                  0   38    0                                               0  r[38]=0
 102  HashClose                2    0    0                                               0
 103  AggFinal                 0   22    0  sum                                          0  accum=r[22]
 104  Copy                    22   45    0                                               0  r[45]=r[22]
 105  Divide                  45   46   21                                               0  r[21]=r[45]/r[46]
 106  ResultRow               21    1    0                                               0  output=r[21]
 107  Halt                     0    0    0                                               0
 108  Transaction              0    1    8                                               0  iDb=0 tx_mode=Read
 109  String8                  0   26    0  Brand#52                                     0  r[26]='Brand#52'
 110  String8                  0   29    0  LG CAN                                       0  r[29]='LG CAN'
 111  Real                     0   46    0  7.0                                          0  r[46]=7
 112  Goto                     0    1    0                                               0
