---
source: tpch.sqltest
expression: |-
  select
          o_orderpriority,
          count(*) as order_count
      from
          orders
      where
          o_orderdate >= '1997-06-01'
          and o_orderdate < '1997-09-01'
          and exists (
              select
                  *
              from
                  lineitem
              where
                  l_orderkey = o_orderkey
                  and l_commitdate < l_receiptdate
          )
      group by
          o_orderpriority
      order by
          o_orderpriority;
info:
  statement_type: SELECT
  tables:
  - lineitem
  - orders
  setup_blocks:
  - schema
  database: ':memory:'
---
QUERY PLAN
|--SCAN orders
|--SEARCH lineitem USING INDEX sqlite_autoindex_lineitem_1 (l_orderkey=?)
`--USE SORTER FOR GROUP BY

BYTECODE
addr  opcode                    p1  p2  p3  p4                                     p5  comment
   0          Init               0  57   0                                          0  Start at 57
   1          Null               0   9   0                                          0  r[9]=NULL
   2          SorterOpen         0   1   0  k(1,Binary)                             0  cursor=0
   3          Integer            0   6   0                                          0  r[6]=0; clear group by abort flag
   4          Null               0   7   0                                          0  r[7]=NULL; initialize group by comparison registers to NULL
   5          Gosub             12  53   0                                          0  ; go to clear accumulator subroutine
   6          OpenRead           2   9   0  k(9,B,B,B,B,B,B,B,B,B)                  0  table=orders, root=9, iDb=0
   7          OpenRead           3  10   0  k(17,B,B,B,B,B,B,B,B,B,B,B,B,B,B,B,B)   0  table=lineitem, root=10, iDb=0
   8          OpenRead           4  11   0  k(3,B,B)                                0  index=sqlite_autoindex_lineitem_1, root=11, iDb=0
   9          Rewind             2  27   0                                          0  Rewind table orders
  10            Column           2   4  14                                          0  r[14]=orders.O_ORDERDATE
  11            Lt              14  15  26  Binary                                  0  if r[14]<r[15] goto 26
  12            Column           2   4  17                                          0  r[17]=orders.O_ORDERDATE
  13            Ge              17  18  26  Binary                                  0  if r[17]>=r[18] goto 26
  14            RowId            2  19   0                                          0  r[19]=orders.rowid
  15            SeekGE           4  25  19                                          0  key=[19..19]
  16              IdxGT          4  25  19                                          0  key=[19..19]
  17              DeferredSeek   4   3   0                                          0
  18              ColumnRange    3  11  21  2                                       0  r[21..22]=lineitem.L_COMMITDATE..L_RECEIPTDATE
  19              Ge            21  22  24  Binary                                  0  if r[21]>=r[22] goto 24
  20              Column         2   5  11                                          0  r[11]=orders.O_ORDERPRIORITY
  21              MakeRecord    11   1  10                                          0  r[10]=mkrec(r[11..11])
  22              SorterInsert   0  10   0  0                                       0  key=r[10]
  23              Goto           0  26   0                                          0  ; semi-join: early out after first match
  24            Next             4  16   0                                          0
  25            Goto             0  26   0                                          0  ; semi-join: no match, skip outer row
  26          Next               2  10   0                                          1
  27          OpenPseudo         1  10   1                                          0  1 columns in r[10]
  28          SorterSort         0  42   0                                          0
  29            SorterData       0  10   1                                          0  r[10]=data
  30            Column           1   0  23                                          0  r[23]=pseudo.column 0
  31            Compare          7  23   1  k(1, Binary)                            0  r[7..7]==r[23..23]
  32            Jump            33  37  33                                          0  ; start new group if comparison is not equal
  33            Gosub            4  46   0                                          0  ; check if ended group had data, and output if so
  34            Move            23   7   1                                          0  r[7..7]=r[23..23]
  35            IfPos            6  56   0                                          0  r[6]>0 -> r[6]-=0, goto 56; check abort flag
  36            Gosub           12  53   0                                          0  ; goto clear accumulator subroutine
  37            AggStep          0  24   9  count                                   0  accum=r[9] step(r[24])
  38            If               5  40   0                                          0  if r[5] goto 40; don't emit group columns if continuing existing group
  39            Column           1   0   8                                          0  r[8]=pseudo.column 0
  40            Integer          1   5   0                                          0  r[5]=1; indicate data in accumulator
  41          SorterNext         0  29   0                                          0
  42          Gosub              4  46   0                                          0  ; emit row for final group
  43          Goto               0  56   0                                          0  ; group by finished
  44          Integer            1   6   0                                          0  r[6]=1
  45        Return               4   0   0                                          0
  46        IfPos                5  48   0                                          0  r[5]>0 -> r[5]-=0, goto 48; output group by row subroutine start
  47      Return                 4   0   0                                          0
  48      AggFinal               0   9   0  count                                   0  accum=r[9]
  49      Copy                   8   2   0                                          0  r[2]=r[8]
  50      Copy                   9   3   0                                          0  r[3]=r[9]
  51      ResultRow              2   2   0                                          0  output=r[2..3]
  52    Return                   4   0   0                                          0
  53    Null                     0   8   9                                          0  r[8..9]=NULL; clear accumulator subroutine start
  54    Integer                  0   5   0                                          0  r[5]=0
  55  Return                    12   0   0                                          0
  56  Halt                       0   0   0                                          0
  57  Transaction                0   1   8                                          0  iDb=0 tx_mode=Read
  58  String8                    0  15   0  1997-06-01                              0  r[15]='1997-06-01'
  59  String8                    0  18   0  1997-09-01                              0  r[18]='1997-09-01'
  60  Integer                    1  24   0                                          0  r[24]=1
  61  Goto                       0   1   0                                          0
