---
source: subqueries.sqltest
expression: |-
  SELECT top_customers.name, top_customers.total_spent
      FROM (
          SELECT c.name, stats.total_spent
          FROM customers c
          JOIN (
              SELECT customer_id, sum(total_amount) AS total_spent
              FROM orders
              GROUP BY customer_id
          ) AS stats ON stats.customer_id = c.id
      ) AS top_customers
      WHERE top_customers.total_spent > 1000
      ORDER BY top_customers.total_spent DESC;
info:
  statement_type: SELECT
  tables:
  - customers
  - orders
  - stats.customer_id
  setup_blocks:
  - schema
  database: ':memory:'
---
QUERY PLAN
|--SCAN top_customers
|  |--SCAN customers AS c
|  `--SEARCH stats USING INDEX ephemeral_subquery_t3 (customer_id=?)
|     `--SCAN orders USING INDEX idx_orders_customer
`--USE SORTER FOR ORDER BY

BYTECODE
addr  opcode                    p1  p2  p3  p4            p5  comment
   0          Init               0  72   0                 0  Start at 72
   1          InitCoroutine      1  54   2                 0
   2          Once              43   0   0                 0  goto 43
   3          OpenEphemeral      0   0   0                 0  cursor=0 is_table=false
   4          Null               0   9   0                 0  r[9]=NULL
   5          Integer            0   6   0                 0  r[6]=0; clear group by abort flag
   6          Null               0   7   0                 0  r[7]=NULL; initialize group by comparison registers to NULL
   7          Gosub             13  40   0                 0  ; go to clear accumulator subroutine
   8          OpenRead           1   4   0  k(4,B,B,B,B)   0  table=orders, root=4, iDb=0
   9          OpenRead           2   9   0  k(2,B)         0  index=idx_orders_customer, root=9, iDb=0
  10          Rewind             2  26   0                 0  Rewind index idx_orders_customer
  11            DeferredSeek     2   1   0                 0
  12            Column           2   0  11                 0  r[11]=idx_orders_customer.customer_id
  13            Column           1   3  12                 0  r[12]=orders.total_amount
  14            RealAffinity    12   0   0                 0
  15            Compare          7  11   1  k(1, Binary)   0  r[7..7]==r[11..11]
  16            Jump            17  21  17                 0  ; start new group if comparison is not equal
  17            Gosub            4  30   0                 0  ; check if ended group had data, and output if so
  18            Move            11   7   1                 0  r[7..7]=r[11..11]
  19            IfPos            6  43   0                 0  r[6]>0 -> r[6]-=0, goto 43; check abort flag
  20            Gosub           13  40   0                 0  ; goto clear accumulator subroutine
  21            AggStep          0  12   9  sum            0  accum=r[9] step(r[12])
  22            If               5  24   0                 0  if r[5] goto 24; don't emit group columns if continuing existing group
  23            Column           2   0   8                 0  r[8]=idx_orders_customer.customer_id
  24            Integer          1   5   0                 0  r[5]=1; indicate data in accumulator
  25          Next               2  11   0                 1
  26          Gosub              4  30   0                 0  ; emit row for final group
  27          Goto               0  43   0                 0  ; group by finished
  28          Integer            1   6   0                 0  r[6]=1
  29        Return               4   0   0                 0
  30        IfPos                5  32   0                 0  r[5]>0 -> r[5]-=0, goto 32; output group by row subroutine start
  31      Return                 4   0   0                 0
  32      AggFinal               0   9   0  sum            0  accum=r[9]
  33      Copy                   8   2   0                 0  r[2]=r[8]
  34      Copy                   9   3   0                 0  r[3]=r[9]
  35      Copy                   2  15   1                 0  r[15]=r[2]
  36      Sequence               0  17   0                 0
  37      MakeRecord            15   3  14                 0  r[14]=mkrec(r[15..17]); for ephemeral_subquery_t3
  38      IdxInsert              0  14   0                 8  key=r[14]
  39    Return                   4   0   0                 0
  40    Null                     0   8   9                 0  r[8..9]=NULL; clear accumulator subroutine start
  41    Integer                  0   5   0                 0  r[5]=0
  42  Return                    13   0   0                 0
  43  OpenRead                   3   6   0  k(4,B,B,B,B)   0  table=customers, root=6, iDb=0
  44  Rewind                     3  53   0                 0  Rewind table customers
  45    RowId                    3  20   0                 0  r[20]=customers.rowid
  46    SeekGE                   0  52  20                 0  key=[20..20]
  47      IdxGT                  0  52  20                 0  key=[20..20]
  48      Column                 3   1  18                 0  r[18]=customers.name
  49      Column                 0   1  19                 0  r[19]=ephemeral(ephemeral_subquery_t3).total_spent
  50      Yield                  1   0   0                 0
  51    Next                     0  47   0                 0
  52  Next                       3  45   0                 1
  53  EndCoroutine               1   0   0                 0
  54  SorterOpen                 4   1   0  k(1,-Binary)   0  cursor=4
  55  InitCoroutine              1   0   2                 0
  56    Yield                    1  64   0                 0
  57    Copy                    19  25   0                 0  r[25]=r[19]
  58    Le                      25  26  63  Binary         0  if r[25]<=r[26] goto 63
  59    Copy                    19  27   0                 0  r[27]=r[19]
  60    Copy                    18  28   0                 0  r[28]=r[18]
  61    MakeRecord              27   2  23                 0  r[23]=mkrec(r[27..28])
  62    SorterInsert             4  23   0  0              0  key=r[23]
  63  Goto                       0  56   0                 0
  64  OpenPseudo                 5  23   2                 0  2 columns in r[23]
  65  SorterSort                 4  71   0                 0
  66    SorterData               4  23   5                 0  r[23]=data
  67    Column                   5   1  21                 0  r[21]=pseudo.column 1
  68    Column                   5   0  22                 0  r[22]=pseudo.column 0
  69    ResultRow               21   2   0                 0  output=r[21..22]
  70  SorterNext                 4  66   0                 0
  71  Halt                       0   0   0                 0
  72  Transaction                0   1  11                 0  iDb=0 tx_mode=Read
  73  Integer                 1000  26   0                 0  r[26]=1000
  74  Goto                       0   1   0                 0
