---
source: subqueries.sqltest
expression: |-
  WITH
      product_sales AS (
          SELECT
              oi.product_id,
              sum(oi.quantity) AS total_quantity,
              sum(oi.quantity * oi.unit_price) AS total_revenue
          FROM order_items oi
          GROUP BY oi.product_id
      ),
      top_products AS (
          SELECT product_id, total_quantity, total_revenue
          FROM product_sales
          WHERE total_revenue > 1000
      ),
      top_product_details AS (
          SELECT p.name, p.category_id, tp.total_quantity, tp.total_revenue
          FROM top_products tp
          JOIN products p ON p.id = tp.product_id
      )
      SELECT tpd.name, c.name AS category_name, tpd.total_revenue
      FROM top_product_details tpd
      JOIN categories c ON c.id = tpd.category_id
      ORDER BY tpd.total_revenue DESC;
info:
  statement_type: WITH (CTE)
  tables:
  - c.id
  - categories
  - order_items
  - p.id
  - product_sales
  - products
  - top_product_details
  - top_products
  setup_blocks:
  - schema
  database: ':memory:'
---
QUERY PLAN
|--SCAN top_product_details AS tpd
|  |--SCAN top_products AS tp
|  |  `--SCAN product_sales
|  |     `--SCAN order_items AS oi USING INDEX idx_order_items_product
|  `--SEARCH p USING INTEGER PRIMARY KEY (rowid=?)
|--SEARCH c USING INTEGER PRIMARY KEY (rowid=?)
`--USE SORTER FOR ORDER BY

BYTECODE
addr  opcode                    p1  p2  p3  p4              p5  comment
   0          Init               0  87   0                   0  Start at 87
   1          InitCoroutine      1  67   2                   0
   2          InitCoroutine      2  56   3                   0
   3          InitCoroutine      3  46   4                   0
   4          Null               0  12  13                   0  r[12..13]=NULL
   5          Integer            0   9   0                   0  r[9]=0; clear group by abort flag
   6          Null               0  10   0                   0  r[10]=NULL; initialize group by comparison registers to NULL
   7          Gosub             18  42   0                   0  ; go to clear accumulator subroutine
   8          OpenRead           0   5   0  k(5,B,B,B,B,B)   0  table=order_items, root=5, iDb=0
   9          OpenRead           1  11   0  k(2,B)           0  index=idx_order_items_product, root=11, iDb=0
  10          Rewind             1  29   0                   0  Rewind index idx_order_items_product
  11            DeferredSeek     1   0   0                   0
  12            Column           1   0  15                   0  r[15]=idx_order_items_product.product_id
  13            Column           0   3  16                   0  r[16]=order_items.quantity
  14            ColumnRange      0   3  19  2                0  r[19..20]=order_items.quantity..unit_price
  15            RealAffinity    20   0   0                   0
  16            Multiply        19  20  17                   0  r[17]=r[19]*r[20]
  17            Compare         10  15   1  k(1, Binary)     0  r[10..10]==r[15..15]
  18            Jump            19  23  19                   0  ; start new group if comparison is not equal
  19            Gosub            7  33   0                   0  ; check if ended group had data, and output if so
  20            Move            15  10   1                   0  r[10..10]=r[15..15]
  21            IfPos            9  45   0                   0  r[9]>0 -> r[9]-=0, goto 45; check abort flag
  22            Gosub           18  42   0                   0  ; goto clear accumulator subroutine
  23            AggStep          0  16  12  sum              0  accum=r[12] step(r[16])
  24            AggStep          0  17  13  sum              0  accum=r[13] step(r[17])
  25            If               8  27   0                   0  if r[8] goto 27; don't emit group columns if continuing existing group
  26            Column           1   0  11                   0  r[11]=idx_order_items_product.product_id
  27            Integer          1   8   0                   0  r[8]=1; indicate data in accumulator
  28          Next               1  11   0                   1
  29          Gosub              7  33   0                   0  ; emit row for final group
  30          Goto               0  45   0                   0  ; group by finished
  31          Integer            1   9   0                   0  r[9]=1
  32        Return               7   0   0                   0
  33        IfPos                8  35   0                   0  r[8]>0 -> r[8]-=0, goto 35; output group by row subroutine start
  34      Return                 7   0   0                   0
  35      AggFinal               0  12   0  sum              0  accum=r[12]
  36      AggFinal               0  13   0  sum              0  accum=r[13]
  37      Copy                  11   4   0                   0  r[4]=r[11]
  38      Copy                  12   5   0                   0  r[5]=r[12]
  39      Copy                  13   6   0                   0  r[6]=r[13]
  40      Yield                  3   0   0                   0
  41    Return                   7   0   0                   0
  42    Null                     0  11  13                   0  r[11..13]=NULL; clear accumulator subroutine start
  43    Integer                  0   8   0                   0  r[8]=0
  44  Return                    18   0   0                   0
  45  EndCoroutine               3   0   0                   0
  46  InitCoroutine              3   0   4                   0
  47    Yield                    3  55   0                   0
  48    Copy                     6  25   0                   0  r[25]=r[6]
  49    Le                      25  26  54  Binary           0  if r[25]<=r[26] goto 54
  50    Copy                     4  21   0                   0  r[21]=r[4]
  51    Copy                     5  22   0                   0  r[22]=r[5]
  52    Copy                     6  23   0                   0  r[23]=r[6]
  53    Yield                    2   0   0                   0
  54  Goto                       0  47   0                   0
  55  EndCoroutine               2   0   0                   0
  56  OpenRead                   2   2   0  k(5,B,B,B,B,B)   0  table=products, root=2, iDb=0
  57  InitCoroutine              2   0   3                   0
  58    Yield                    2  66   0                   0
  59    Copy                    21  31   0                   0  r[31]=r[21]
  60    SeekRowid                2  31  65                   0  if (r[31]!=cursor 2 for table products.rowid) goto 65
  61    ColumnRange              2   1  27  2                0  r[27..28]=products.name..category_id
  62    Copy                    22  29   0                   0  r[29]=r[22]
  63    Copy                    23  30   0                   0  r[30]=r[23]
  64    Yield                    1   0   0                   0
  65  Goto                       0  58   0                   0
  66  EndCoroutine               1   0   0                   0
  67  SorterOpen                 3   1   0  k(1,-Binary)     0  cursor=3
  68  OpenRead                   4   3   0  k(3,B,B,B)       0  table=categories, root=3, iDb=0
  69  InitCoroutine              1   0   2                   0
  70    Yield                    1  79   0                   0
  71    Copy                    28  36   0                   0  r[36]=r[28]
  72    SeekRowid                4  36  78                   0  if (r[36]!=cursor 4 for table categories.rowid) goto 78
  73    Copy                    30  37   0                   0  r[37]=r[30]
  74    Copy                    27  38   0                   0  r[38]=r[27]
  75    Column                   4   1  39                   0  r[39]=categories.name
  76    MakeRecord              37   3  35                   0  r[35]=mkrec(r[37..39])
  77    SorterInsert             3  35   0  0                0  key=r[35]
  78  Goto                       0  70   0                   0
  79  OpenPseudo                 5  35   3                   0  3 columns in r[35]
  80  SorterSort                 3  86   0                   0
  81    SorterData               3  35   5                   0  r[35]=data
  82    ColumnRange              5   1  32  2                0  r[32..33]=pseudo.column 1..column 2
  83    Column                   5   0  34                   0  r[34]=pseudo.column 0
  84    ResultRow               32   3   0                   0  output=r[32..34]
  85  SorterNext                 3  81   0                   0
  86  Halt                       0   0   0                   0
  87  Transaction                0   1  11                   0  iDb=0 tx_mode=Read
  88  Integer                 1000  26   0                   0  r[26]=1000
  89  Goto                       0   1   0                   0
