---
source: joins.sqltest
expression: |-
  SELECT h.order_id, h.customer_name, i.product
      FROM h_orders h
      JOIN h_items i ON h.customer_name = i.order_name
      ORDER BY h.customer_name, i.product;
info:
  statement_type: SELECT
  tables:
  - h.customer_name
  - h_items
  - h_orders
  setup_blocks:
  - hash_schema
  database: ':memory:'
---
QUERY PLAN
|--HASH JOIN h_items AS i
|--SCAN h_orders AS h
`--USE SORTER FOR ORDER BY

BYTECODE
addr  opcode              p1  p2  p3  p4                                        p5  comment
   0  Init                 0  50   0                                             0  Start at 50
   1  SorterOpen           0   2   0  k(2,Binary,Binary)                         0  cursor=0
   2  OpenRead             1   2   0  k(3,B,B,B)                                 0  table=h_orders, root=2, iDb=0
   3  OpenRead             2   3   0  k(4,B,B,B,B)                               0  table=h_items, root=3, iDb=0
   4  Once                14   0   0                                             0  goto 14
   5  OpenRead             3   2   0  k(3,B,B,B)                                 0  table=h_orders, root=2, iDb=0
   6  Rewind               3  13   0                                             0  Rewind table h_orders
   7    Column             3   1   5                                             0  r[5]=h_orders.customer_name
   8    Affinity           5   1   0                                             0  r[5..6] = A
   9    RowId              3   6   0                                             0  r[6]=h_orders.rowid
  10    Column             3   1   7                                             0  r[7]=h_orders.customer_name
  11    HashBuild          3   5   1  r=[1] budget=67108864 payload=r[6]..r[7]   0
  12  Next                 3   7   0                                             0
  13  HashBuildFinalize    1   0   0                                             0
  14  Rewind               2  29   0                                             0  Rewind table h_items
  15    Column             2   1   8                                             0  r[8]=h_items.order_name
  16    Affinity           8   1   0                                             0  r[8..9] = A
  17    RowId              2  11   0                                             0  r[11]=h_items.rowid
  18    Integer            0  12   0                                             0  r[12]=0
  19    HashProbe          1   8   1  r[13]=28 payload=r[9]..r[10]               0
  20    Copy              10  14   0                                             0  r[14]=r[10]
  21    Column             2   2  15                                             0  r[15]=h_items.product
  22    Copy               9  16   0                                             0  r[16]=r[9]
  23    MakeRecord        14   3   4                                             0  r[4]=mkrec(r[14..16])
  24    SorterInsert       0   4   0  0                                          0  key=r[4]
  25    IfPos             12  36   0                                             0  r[12]>0 -> r[12]-=0, goto 36
  26    HashNext           1  13  28   payload=r[9]..r[10]                       0
  27    Goto               0  20   0                                             0
  28  Next                 2  15   0                                             0
  29  HashGraceInit        1   0  41                                             0  hash_table_id=1
  30  Integer              1  12   0                                             0  r[12]=1
  31  HashGraceLoadPart    1   0  40                                             0  hash_table_id=1
  32  HashGraceNextProbe   1   8  38                                             0  hash_table_id=1 keys=r[8]..r[8] probe_rowid_dest=r[11]
  33  SeekRowid            2  11  32                                             0  if (r[11]!=cursor 2 for table h_items.rowid) goto 32
  34  HashProbe            1   8   1  r[13]=32 payload=r[9]..r[10]               0
  35  Goto                 0  20   0                                             0
  36  HashNext             1  13  32   payload=r[9]..r[10]                       0
  37  Goto                 0  20   0                                             0
  38  HashGraceAdvPart     1   0  40                                             0  hash_table_id=1
  39  Goto                 0  31   0                                             0
  40  Integer              0  12   0                                             0  r[12]=0
  41  HashClose            1   0   0                                             0
  42  OpenPseudo           4   4   3                                             0  3 columns in r[4]
  43  SorterSort           0  49   0                                             0
  44    SorterData         0   4   4                                             0  r[4]=data
  45    Column             4   2   1                                             0  r[1]=pseudo.column 2
  46    ColumnRange        4   0   2  2                                          0  r[2..3]=pseudo.column 0..column 1
  47    ResultRow          1   3   0                                             0  output=r[1..3]
  48  SorterNext           0  44   0                                             0
  49  Halt                 0   0   0                                             0
  50  Transaction          0   1   3                                             0  iDb=0 tx_mode=Read
  51  Goto                 0   1   0                                             0
