---
source: windows.sqltest
expression: |-
  SELECT
          e.emp_id,
          e.name,
          e.department,
          e.salary,
          s.amount,
          s.region,
          ROW_NUMBER() OVER (PARTITION BY e.department ORDER BY e.salary DESC) AS dept_rank,
          ROW_NUMBER() OVER (PARTITION BY s.region ORDER BY s.amount DESC) AS region_rank,
          SUM(s.amount) OVER (PARTITION BY e.department) AS dept_total_sales,
          AVG(e.salary) OVER (PARTITION BY s.region) AS region_avg_salary
      FROM employees e
      JOIN sales s ON e.emp_id = s.emp_id;
info:
  statement_type: SELECT
  tables:
  - e.emp_id
  - employees
  - sales
  setup_blocks:
  - schema
  database: ':memory:'
---
QUERY PLAN
`--SCAN window_subquery_0
   |--SCAN window_subquery_1
   |  |--SCAN window_subquery_2
   |  |  |--SCAN window_subquery_3
   |  |  |  |--SCAN sales AS s USING INDEX idx_sales_region
   |  |  |  `--SEARCH e USING INTEGER PRIMARY KEY (rowid=?)
   |  |  `--USE SORTER FOR ORDER BY
   |  `--USE SORTER FOR ORDER BY
   `--USE SORTER FOR ORDER BY

BYTECODE
addr  opcode                           p1   p2   p3  p4                     p5  comment
   0                  Init              0  311    0                          0  Start at 311
   1                  InitCoroutine     1  248    2                          0
   2                  InitCoroutine     2  176    3                          0
   3                  InitCoroutine     3   98    4                          0
   4                  InitCoroutine     4   21    5                          0
   5                  OpenRead          0    2    0  k(5,B,B,B,B,B)          0  table=employees, root=2, iDb=0
   6                  OpenRead          1    3    0  k(5,B,B,B,B,B)          0  table=sales, root=3, iDb=0
   7                  OpenRead          2    8    0  k(2,B)                  0  index=idx_sales_region, root=8, iDb=0
   8                  Rewind            2   20    0                          0  Rewind index idx_sales_region
   9                    DeferredSeek    2    1    0                          0
  10                    Column          1    1   11                          0  r[11]=sales.emp_id
  11                    SeekRowid       0   11   19                          0  if (r[11]!=cursor 0 for table employees.rowid) goto 19
  12                    Column          2    0    5                          0  r[5]=idx_sales_region.region
  13                    Column          0    2    6                          0  r[6]=employees.department
  14                    Column          1    3    7                          0  r[7]=sales.amount
  15                    Column          0    3    8                          0  r[8]=employees.salary
  16                    RowId           0    9    0                          0  r[9]=employees.rowid
  17                    Column          0    1   10                          0  r[10]=employees.name
  18                    Yield           4    0    0                          0
  19                  Next              2    9    0                          1
  20                  EndCoroutine      4    0    0                          0
  21                  SorterOpen        3    1    0  k(1,Binary)             0  cursor=3
  22                  OpenEphemeral     4    1    0                          0  cursor=4 is_table=true
  23                  OpenDup           5    4    0                          0  new_cursor=5, original_cursor=4
  24                  OpenDup           6    4    0                          0  new_cursor=6, original_cursor=4
  25                  Null              0   28    0                          0  r[28]=NULL
  26                  Null              0   29    0                          0  r[29]=NULL
  27                  InitCoroutine     4    0    5                          0
  28                    Yield           4   61    0                          0
  29                    Compare         5   29    1  k(1, Binary)            0  r[5..5]==r[29..29]; compare partition keys to detect new partition
  30                    Jump           31   34   31                          0
  31                    Gosub          30   62    0                          0  ; detected new partition
  32                    Null            0   28    0                          0  r[28]=NULL
  33                    Copy            5   29    0                          0  r[29]=r[5]
  34                    NotNull        28   42    0                          0  r[28]!=NULL -> goto 42
  35                    Null            0   20   20                          0  r[20..20]=NULL; reset accumulator registers
  36                    MakeRecord      5    6   32                          0  r[32]=mkrec(r[5..10])
  37                    NewRowid        5   28    0                          0  r[28]=rowid
  38                    Insert          5   32   28  buffer_table_window_3   2  intkey=r[28] data=r[32]
  39                    Rewind          4   41    0                          0  Rewind  ephemeral(buffer_table_window_3)
  40                    Rewind          6   41    0                          0  Rewind  ephemeral(buffer_table_window_3)
  41                    Goto            0   60    0                          0
  42                    MakeRecord      5    6   33                          0  r[33]=mkrec(r[5..10])
  43                    NewRowid        5   28    0                          0  r[28]=rowid
  44                    Insert          5   33   28  buffer_table_window_3   2  intkey=r[28] data=r[33]
  45                    Goto            0   60    0                          0  ; peer of previous row: buffer only, handle at group end
  46                    Column          6    3   34                          0  r[34]=ephemeral(buffer_table_window_3).salary
  47                    AggStep         0   34   20  avg                     0  accum=r[20] step(r[34])
  48                    Next            6   50    0                          0
  49                    Goto            0   51    0                          0
  50                    Goto            0   46    0                          0
  51                    AggValue        0   20   21  avg                     0  accum=r[20] dest=r[21]
  52                    Column          4    1   22                          0  r[22]=ephemeral(buffer_table_window_3).department
  53                    Column          4    0   23                          0  r[23]=ephemeral(buffer_table_window_3).region
  54                    ColumnRange     4    2   24  4                       0  r[24..27]=ephemeral(buffer_table_window_3).amount..name
  55                    Gosub          31   81    0                          0
  56                    Delete          4    0    0  buffer_table_window_3   0
  57                    Next            4   59    0                          0
  58                    Goto            0   60    0                          0
  59                    Goto            0   52    0                          0
  60                  Goto              0   28    0                          0
  61                  Null              0   30    0                          0  r[30]=NULL; return remaining buffered rows
  62                  Rewind            5   78    0                          0  Rewind  ephemeral(buffer_table_window_3)
  63                  Column            6    3   35                          0  r[35]=ephemeral(buffer_table_window_3).salary
  64                  AggStep           0   35   20  avg                     0  accum=r[20] step(r[35])
  65                  Next              6   67    0                          0
  66                  Goto              0   68    0                          0
  67                  Goto              0   63    0                          0
  68                  AggValue          0   20   21  avg                     0  accum=r[20] dest=r[21]
  69                  Column            4    1   22                          0  r[22]=ephemeral(buffer_table_window_3).department
  70                  Column            4    0   23                          0  r[23]=ephemeral(buffer_table_window_3).region
  71                  ColumnRange       4    2   24  4                       0  r[24..27]=ephemeral(buffer_table_window_3).amount..name
  72                  Gosub            31   81    0                          0
  73                  Delete            4    0    0  buffer_table_window_3   0
  74                  Next              4   76    0                          0
  75                  Goto              0   78    0                          0
  76                  Goto              0   69    0                          0
  77                  Goto              0   68    0                          0
  78                  ResetSorter       4    0    0                          0  cursor=4
  79                Return             30    0    1                          0
  80                Goto                0   91    0                          0
  81                Copy               22   36    0                          0  r[36]=r[22]
  82                Copy               23   37    0                          0  r[37]=r[23]
  83                Copy               24   38    0                          0  r[38]=r[24]
  84                Copy               25   39    0                          0  r[39]=r[25]
  85                Copy               26   40    0                          0  r[40]=r[26]
  86                Copy               27   41    0                          0  r[41]=r[27]
  87                Copy               21   42    0                          0  r[42]=r[21]
  88                MakeRecord         36    7   19                          0  r[19]=mkrec(r[36..42])
  89                SorterInsert        3   19    0  0                       0  key=r[19]
  90              Return               31    0    0                          0
  91              OpenPseudo            7   19    7                          0  7 columns in r[19]
  92              SorterSort            3   97    0                          0
  93                SorterData          3   19    7                          0  r[19]=data
  94                ColumnRange         7    0   12  7                       0  r[12..18]=pseudo.column 0..column 6
  95                Yield               3    0    0                          0
  96              SorterNext            3   93    0                          0
  97              EndCoroutine          3    0    0                          0
  98              SorterOpen            8    2    0  k(2,Binary,-Binary)     0  cursor=8
  99              OpenEphemeral         9    1    0                          0  cursor=9 is_table=true
 100              OpenDup              10    9    0                          0  new_cursor=10, original_cursor=9
 101              OpenDup              11    9    0                          0  new_cursor=11, original_cursor=9
 102              Null                  0   61    0                          0  r[61]=NULL
 103              Null                  0   62    0                          0  r[62]=NULL
 104              InitCoroutine         3    0    4                          0
 105                Yield               3  138    0                          0
 106                Compare            12   62    1  k(1, Binary)            0  r[12..12]==r[62..62]; compare partition keys to detect new partition
 107                Jump              108  111  108                          0
 108                Gosub              63  139    0                          0  ; detected new partition
 109                Null                0   61    0                          0  r[61]=NULL
 110                Copy               12   62    0                          0  r[62]=r[12]
 111                NotNull            61  119    0                          0  r[61]!=NULL -> goto 119
 112                Null                0   52   52                          0  r[52..52]=NULL; reset accumulator registers
 113                MakeRecord         12    7   65                          0  r[65]=mkrec(r[12..18])
 114                NewRowid           10   61    0                          0  r[61]=rowid
 115                Insert             10   65   61  buffer_table_window_2   2  intkey=r[61] data=r[65]
 116                Rewind              9  118    0                          0  Rewind  ephemeral(buffer_table_window_2)
 117                Rewind             11  118    0                          0  Rewind  ephemeral(buffer_table_window_2)
 118                Goto                0  137    0                          0
 119                MakeRecord         12    7   66                          0  r[66]=mkrec(r[12..18])
 120                NewRowid           10   61    0                          0  r[61]=rowid
 121                Insert             10   66   61  buffer_table_window_2   2  intkey=r[61] data=r[66]
 122                Goto                0  137    0                          0  ; peer of previous row: buffer only, handle at group end
 123                Column             11    2   67                          0  r[67]=ephemeral(buffer_table_window_2).amount
 124                AggStep             0   67   52  sum                     0  accum=r[52] step(r[67])
 125                Next               11  127    0                          0
 126                Goto                0  128    0                          0
 127                Goto                0  123    0                          0
 128                AggValue            0   52   53  sum                     0  accum=r[52] dest=r[53]
 129                ColumnRange         9    1   54  2                       0  r[54..55]=ephemeral(buffer_table_window_2).region..amount
 130                Column              9    0   56                          0  r[56]=ephemeral(buffer_table_window_2).department
 131                ColumnRange         9    3   57  4                       0  r[57..60]=ephemeral(buffer_table_window_2).salary..column 6
 132                Gosub              64  158    0                          0
 133                Delete              9    0    0  buffer_table_window_2   0
 134                Next                9  136    0                          0
 135                Goto                0  137    0                          0
 136                Goto                0  129    0                          0
 137              Goto                  0  105    0                          0
 138              Null                  0   63    0                          0  r[63]=NULL; return remaining buffered rows
 139              Rewind               10  155    0                          0  Rewind  ephemeral(buffer_table_window_2)
 140              Column               11    2   68                          0  r[68]=ephemeral(buffer_table_window_2).amount
 141              AggStep               0   68   52  sum                     0  accum=r[52] step(r[68])
 142              Next                 11  144    0                          0
 143              Goto                  0  145    0                          0
 144              Goto                  0  140    0                          0
 145              AggValue              0   52   53  sum                     0  accum=r[52] dest=r[53]
 146              ColumnRange           9    1   54  2                       0  r[54..55]=ephemeral(buffer_table_window_2).region..amount
 147              Column                9    0   56                          0  r[56]=ephemeral(buffer_table_window_2).department
 148              ColumnRange           9    3   57  4                       0  r[57..60]=ephemeral(buffer_table_window_2).salary..column 6
 149              Gosub                64  158    0                          0
 150              Delete                9    0    0  buffer_table_window_2   0
 151              Next                  9  153    0                          0
 152              Goto                  0  155    0                          0
 153              Goto                  0  146    0                          0
 154              Goto                  0  145    0                          0
 155              ResetSorter           9    0    0                          0  cursor=9
 156            Return                 63    0    1                          0
 157            Goto                    0  169    0                          0
 158            Copy                   54   69    0                          0  r[69]=r[54]
 159            Copy                   55   70    0                          0  r[70]=r[55]
 160            Copy                   56   71    0                          0  r[71]=r[56]
 161            Copy                   57   72    0                          0  r[72]=r[57]
 162            Copy                   58   73    0                          0  r[73]=r[58]
 163            Copy                   59   74    0                          0  r[74]=r[59]
 164            Copy                   53   75    0                          0  r[75]=r[53]
 165            Copy                   60   76    0                          0  r[76]=r[60]
 166            MakeRecord             69    8   51                          0  r[51]=mkrec(r[69..76])
 167            SorterInsert            8   51    0  0                       0  key=r[51]
 168          Return                   64    0    0                          0
 169          OpenPseudo               12   51    8                          0  8 columns in r[51]
 170          SorterSort                8  175    0                          0
 171            SorterData              8   51   12                          0  r[51]=data
 172            ColumnRange            12    0   43  8                       0  r[43..50]=pseudo.column 0..column 7
 173            Yield                   2    0    0                          0
 174          SorterNext                8  171    0                          0
 175          EndCoroutine              2    0    0                          0
 176          SorterOpen               13    2    0  k(2,Binary,-Binary)     0  cursor=13
 177          OpenEphemeral            14    1    0                          0  cursor=14 is_table=true
 178          OpenDup                  15   14    0                          0  new_cursor=15, original_cursor=14
 179          OpenDup                  16   14    0                          0  new_cursor=16, original_cursor=14
 180          Null                      0   97    0                          0  r[97]=NULL
 181          Null                      0   98    0                          0  r[98]=NULL
 182          InitCoroutine             2    0    3                          0
 183            Yield                   2  212    0                          0
 184            Copy                   44  100    0                          0  r[100]=r[44]
 185            Compare                43   98    1  k(1, Binary)            0  r[43..43]==r[98..98]; compare partition keys to detect new partition
 186            Jump                  187  190  187                          0
 187            Gosub                  99  213    0                          0  ; detected new partition
 188            Null                    0   97    0                          0  r[97]=NULL
 189            Copy                   43   98    0                          0  r[98]=r[43]
 190            NotNull                97  198    0                          0  r[97]!=NULL -> goto 198
 191            Null                    0   87   87                          0  r[87..87]=NULL; reset accumulator registers
 192            MakeRecord             43    8  102                          0  r[102]=mkrec(r[43..50])
 193            NewRowid               15   97    0                          0  r[97]=rowid
 194            Insert                 15  102   97  buffer_table_window_1   2  intkey=r[97] data=r[102]
 195            Rewind                 14  197    0                          0  Rewind  ephemeral(buffer_table_window_1)
 196            Rewind                 16  197    0                          0  Rewind  ephemeral(buffer_table_window_1)
 197            Goto                    0  211    0                          0
 198            MakeRecord             43    8  103                          0  r[103]=mkrec(r[43..50])
 199            NewRowid               15   97    0                          0  r[97]=rowid
 200            Insert                 15  103   97  buffer_table_window_1   2  intkey=r[97] data=r[103]
 201            AggStep                 0    0   87  row_number              0  accum=r[87] step(r[0])
 202            Next                   16  203    0                          0
 203            AggValue                0   87   88  row_number              0  accum=r[87] dest=r[88]
 204            ColumnRange            14    2   89  4                       0  r[89..92]=ephemeral(buffer_table_window_1).department..name
 205            Column                 14    1   93                          0  r[93]=ephemeral(buffer_table_window_1).amount
 206            Column                 14    0   94                          0  r[94]=ephemeral(buffer_table_window_1).region
 207            ColumnRange            14    6   95  2                       0  r[95..96]=ephemeral(buffer_table_window_1).column 6..column 7
 208            Gosub                 101  229    0                          0
 209            Delete                 14    0    0  buffer_table_window_1   0
 210            Next                   14  211    0                          0
 211          Goto                      0  183    0                          0
 212          Null                      0   99    0                          0  r[99]=NULL; return remaining buffered rows
 213          Rewind                   15  226    0                          0  Rewind  ephemeral(buffer_table_window_1)
 214          AggStep                   0    0   87  row_number              0  accum=r[87] step(r[0])
 215          Next                     16  216    0                          0
 216          AggValue                  0   87   88  row_number              0  accum=r[87] dest=r[88]
 217          ColumnRange              14    2   89  4                       0  r[89..92]=ephemeral(buffer_table_window_1).department..name
 218          Column                   14    1   93                          0  r[93]=ephemeral(buffer_table_window_1).amount
 219          Column                   14    0   94                          0  r[94]=ephemeral(buffer_table_window_1).region
 220          ColumnRange              14    6   95  2                       0  r[95..96]=ephemeral(buffer_table_window_1).column 6..column 7
 221          Gosub                   101  229    0                          0
 222          Delete                   14    0    0  buffer_table_window_1   0
 223          Next                     14  225    0                          0
 224          Goto                      0  226    0                          0
 225          Goto                      0  216    0                          0
 226          ResetSorter              14    0    0                          0  cursor=14
 227        Return                     99    0    1                          0
 228        Goto                        0  241    0                          0
 229        Copy                       89  104    0                          0  r[104]=r[89]
 230        Copy                       90  105    0                          0  r[105]=r[90]
 231        Copy                       91  106    0                          0  r[106]=r[91]
 232        Copy                       92  107    0                          0  r[107]=r[92]
 233        Copy                       93  108    0                          0  r[108]=r[93]
 234        Copy                       94  109    0                          0  r[109]=r[94]
 235        Copy                       88  110    0                          0  r[110]=r[88]
 236        Copy                       95  111    0                          0  r[111]=r[95]
 237        Copy                       96  112    0                          0  r[112]=r[96]
 238        MakeRecord                104    9   86                          0  r[86]=mkrec(r[104..112])
 239        SorterInsert               13   86    0  0                       0  key=r[86]
 240      Return                      101    0    0                          0
 241      OpenPseudo                   17   86    9                          0  9 columns in r[86]
 242      SorterSort                   13  247    0                          0
 243        SorterData                 13   86   17                          0  r[86]=data
 244        ColumnRange                17    0   77  9                       0  r[77..85]=pseudo.column 0..column 8
 245        Yield                       1    0    0                          0
 246      SorterNext                   13  243    0                          0
 247      EndCoroutine                  1    0    0                          0
 248      OpenEphemeral                18    1    0                          0  cursor=18 is_table=true
 249      OpenDup                      19   18    0                          0  new_cursor=19, original_cursor=18
 250      OpenDup                      20   18    0                          0  new_cursor=20, original_cursor=18
 251      Null                          0  134    0                          0  r[134]=NULL
 252      Null                          0  135    0                          0  r[135]=NULL
 253      InitCoroutine                 1    0    2                          0
 254        Yield                       1  282    0                          0
 255        Copy                       78  137    0                          0  r[137]=r[78]
 256        Compare                    77  135    1  k(1, Binary)            0  r[77..77]==r[135..135]; compare partition keys to detect new partition
 257        Jump                      258  261  258                          0
 258        Gosub                     136  283    0                          0  ; detected new partition
 259        Null                        0  134    0                          0  r[134]=NULL
 260        Copy                       77  135    0                          0  r[135]=r[77]
 261        NotNull                   134  269    0                          0  r[134]!=NULL -> goto 269
 262        Null                        0  123  123                          0  r[123..123]=NULL; reset accumulator registers
 263        MakeRecord                 77    9  139                          0  r[139]=mkrec(r[77..85])
 264        NewRowid                   19  134    0                          0  r[134]=rowid
 265        Insert                     19  139  134  buffer_table_window_0   2  intkey=r[134] data=r[139]
 266        Rewind                     18  268    0                          0  Rewind  ephemeral(buffer_table_window_0)
 267        Rewind                     20  268    0                          0  Rewind  ephemeral(buffer_table_window_0)
 268        Goto                        0  281    0                          0
 269        MakeRecord                 77    9  140                          0  r[140]=mkrec(r[77..85])
 270        NewRowid                   19  134    0                          0  r[134]=rowid
 271        Insert                     19  140  134  buffer_table_window_0   2  intkey=r[134] data=r[140]
 272        AggStep                     0    0  123  row_number              0  accum=r[123] step(r[0])
 273        Next                       20  274    0                          0
 274        AggValue                    0  123  124  row_number              0  accum=r[123] dest=r[124]
 275        ColumnRange                18    2  125  2                       0  r[125..126]=ephemeral(buffer_table_window_0).emp_id..name
 276        ColumnRange                18    0  127  2                       0  r[127..128]=ephemeral(buffer_table_window_0).department..salary
 277        ColumnRange                18    4  129  5                       0  r[129..133]=ephemeral(buffer_table_window_0).amount..column 8
 278        Gosub                     138  298    0                          0
 279        Delete                     18    0    0  buffer_table_window_0   0
 280        Next                       18  281    0                          0
 281      Goto                          0  254    0                          0
 282      Null                          0  136    0                          0  r[136]=NULL; return remaining buffered rows
 283      Rewind                       19  295    0                          0  Rewind  ephemeral(buffer_table_window_0)
 284      AggStep                       0    0  123  row_number              0  accum=r[123] step(r[0])
 285      Next                         20  286    0                          0
 286      AggValue                      0  123  124  row_number              0  accum=r[123] dest=r[124]
 287      ColumnRange                  18    2  125  2                       0  r[125..126]=ephemeral(buffer_table_window_0).emp_id..name
 288      ColumnRange                  18    0  127  2                       0  r[127..128]=ephemeral(buffer_table_window_0).department..salary
 289      ColumnRange                  18    4  129  5                       0  r[129..133]=ephemeral(buffer_table_window_0).amount..column 8
 290      Gosub                       138  298    0                          0
 291      Delete                       18    0    0  buffer_table_window_0   0
 292      Next                         18  294    0                          0
 293      Goto                          0  295    0                          0
 294      Goto                          0  286    0                          0
 295      ResetSorter                  18    0    0                          0  cursor=18
 296    Return                        136    0    1                          0
 297    Goto                            0  310    0                          0
 298    Copy                          125  113    0                          0  r[113]=r[125]
 299    Copy                          126  114    0                          0  r[114]=r[126]
 300    Copy                          127  115    0                          0  r[115]=r[127]
 301    Copy                          128  116    0                          0  r[116]=r[128]
 302    Copy                          129  117    0                          0  r[117]=r[129]
 303    Copy                          130  118    0                          0  r[118]=r[130]
 304    Copy                          124  119    0                          0  r[119]=r[124]
 305    Copy                          131  120    0                          0  r[120]=r[131]
 306    Copy                          132  121    0                          0  r[121]=r[132]
 307    Copy                          133  122    0                          0  r[122]=r[133]
 308    ResultRow                     113   10    0                          0  output=r[113..122]
 309  Return                          138    0    0                          0
 310  Halt                              0    0    0                          0
 311  Transaction                       0    1    7                          0  iDb=0 tx_mode=Read
 312  Goto                              0    1    0                          0
