---
source: windows.sqltest
expression: |-
  SELECT
          sale_id,
          emp_id,
          sale_date,
          amount,
          SUM(amount) OVER (ORDER BY sale_date) AS running_total,
          SUM(amount) OVER (
              PARTITION BY emp_id
              ORDER BY sale_date
          ) AS emp_running_total
      FROM sales;
info:
  statement_type: SELECT
  tables:
  - sales
  setup_blocks:
  - schema
  database: ':memory:'
---
QUERY PLAN
`--SCAN window_subquery_0
   |--SCAN window_subquery_1
   |  |--SCAN sales
   |  `--USE SORTER FOR ORDER BY
   `--USE SORTER FOR ORDER BY

BYTECODE
addr  opcode                   p1   p2   p3  p4                     p5  comment
   0          Init              0  192    0                          0  Start at 192
   1          InitCoroutine     1  112    2                          0
   2          InitCoroutine     2   19    3                          0
   3          SorterOpen        0    2    0  k(2,Binary,Binary)      0  cursor=0
   4          OpenRead          1    3    0  k(5,B,B,B,B,B)          0  table=sales, root=3, iDb=0
   5          Rewind            1   12    0                          0  Rewind table sales
   6            ColumnRange     1    1    8  2                       0  r[8..9]=sales.emp_id..sale_date
   7            RowId           1   10    0                          0  r[10]=sales.rowid
   8            Column          1    3   11                          0  r[11]=sales.amount
   9            MakeRecord      8    4    7                          0  r[7]=mkrec(r[8..11])
  10            SorterInsert    0    7    0  0                       0  key=r[7]
  11          Next              1    6    0                          1
  12          OpenPseudo        2    7    4                          0  4 columns in r[7]
  13          SorterSort        0   18    0                          0
  14            SorterData      0    7    2                          0  r[7]=data
  15            ColumnRange     2    0    3  4                       0  r[3..6]=pseudo.column 0..column 3
  16            Yield           2    0    0                          0
  17          SorterNext        0   14    0                          0
  18          EndCoroutine      2    0    0                          0
  19          SorterOpen        3    1    0  k(1,Binary)             0  cursor=3
  20          OpenEphemeral     4    1    0                          0  cursor=4 is_table=true
  21          OpenDup           5    4    0                          0  new_cursor=5, original_cursor=4
  22          OpenDup           6    4    0                          0  new_cursor=6, original_cursor=4
  23          Null              0   24    0                          0  r[24]=NULL
  24          Null              0   25    0                          0  r[25]=NULL
  25          InitCoroutine     2    0    3                          0
  26            Yield           2   71    0                          0
  27            Copy            4   27    0                          0  r[27]=r[4]
  28            Compare         3   25    1  k(1, Binary)            0  r[3..3]==r[25..25]; compare partition keys to detect new partition
  29            Jump           30   33   30                          0
  30            Gosub          26   72    0                          0  ; detected new partition
  31            Null            0   24    0                          0  r[24]=NULL
  32            Copy            3   25    0                          0  r[25]=r[3]
  33            NotNull        24   44    0                          0  r[24]!=NULL -> goto 44
  34            Copy           27   28    0                          0  r[28]=r[27]; initialize peer-reference registers for new partition
  35            Copy           28   29    0                          0  r[29]=r[28]
  36            Copy           28   30    0                          0  r[30]=r[28]
  37            Null            0   18   18                          0  r[18..18]=NULL; reset accumulator registers
  38            MakeRecord      3    4   32                          0  r[32]=mkrec(r[3..6])
  39            NewRowid        5   24    0                          0  r[24]=rowid
  40            Insert          5   32   24  buffer_table_window_1   2  intkey=r[24] data=r[32]
  41            Rewind          4   43    0                          0  Rewind  ephemeral(buffer_table_window_1)
  42            Rewind          6   43    0                          0  Rewind  ephemeral(buffer_table_window_1)
  43            Goto            0   70    0                          0
  44            MakeRecord      3    4   33                          0  r[33]=mkrec(r[3..6])
  45            NewRowid        5   24    0                          0  r[24]=rowid
  46            Insert          5   33   24  buffer_table_window_1   2  intkey=r[24] data=r[33]
  47            Compare        27   28    1  k(1, Binary)            0  r[27..27]==r[28..28]; peer of previous row: buffer only, handle at group end
  48            Jump           49   70   49                          0
  49            Copy           27   28    0                          0  r[28]=r[27]
  50            Column          6    3   34                          0  r[34]=ephemeral(buffer_table_window_1).amount
  51            AggStep         0   34   18  sum                     0  accum=r[18] step(r[34])
  52            Next            6   54    0                          0
  53            Goto            0   58    0                          0
  54            Column          6    1   35                          0  r[35]=ephemeral(buffer_table_window_1).sale_date
  55            Compare        30   35    1  k(1, Binary)            0  r[30..30]==r[35..35]
  56            Jump           57   50   57                          0
  57            Copy           35   30    0                          0  r[30]=r[35]
  58            AggValue        0   18   19  sum                     0  accum=r[18] dest=r[19]
  59            ColumnRange     4    1   20  2                       0  r[20..21]=ephemeral(buffer_table_window_1).sale_date..sale_id
  60            Column          4    0   22                          0  r[22]=ephemeral(buffer_table_window_1).emp_id
  61            Column          4    3   23                          0  r[23]=ephemeral(buffer_table_window_1).amount
  62            Gosub          31   97    0                          0
  63            Delete          4    0    0  buffer_table_window_1   0
  64            Next            4   66    0                          0
  65            Goto            0   70    0                          0
  66            Column          4    1   36                          0  r[36]=ephemeral(buffer_table_window_1).sale_date
  67            Compare        29   36    1  k(1, Binary)            0  r[29..29]==r[36..36]
  68            Jump           69   59   69                          0
  69            Copy           36   29    0                          0  r[29]=r[36]
  70          Goto              0   26    0                          0
  71          Null              0   26    0                          0  r[26]=NULL; return remaining buffered rows
  72          Rewind            5   94    0                          0  Rewind  ephemeral(buffer_table_window_1)
  73          Column            6    3   37                          0  r[37]=ephemeral(buffer_table_window_1).amount
  74          AggStep           0   37   18  sum                     0  accum=r[18] step(r[37])
  75          Next              6   77    0                          0
  76          Goto              0   81    0                          0
  77          Column            6    1   38                          0  r[38]=ephemeral(buffer_table_window_1).sale_date
  78          Compare          30   38    1  k(1, Binary)            0  r[30..30]==r[38..38]
  79          Jump             80   73   80                          0
  80          Copy             38   30    0                          0  r[30]=r[38]
  81          AggValue          0   18   19  sum                     0  accum=r[18] dest=r[19]
  82          ColumnRange       4    1   20  2                       0  r[20..21]=ephemeral(buffer_table_window_1).sale_date..sale_id
  83          Column            4    0   22                          0  r[22]=ephemeral(buffer_table_window_1).emp_id
  84          Column            4    3   23                          0  r[23]=ephemeral(buffer_table_window_1).amount
  85          Gosub            31   97    0                          0
  86          Delete            4    0    0  buffer_table_window_1   0
  87          Next              4   89    0                          0
  88          Goto              0   94    0                          0
  89          Column            4    1   39                          0  r[39]=ephemeral(buffer_table_window_1).sale_date
  90          Compare          29   39    1  k(1, Binary)            0  r[29..29]==r[39..39]
  91          Jump             92   82   92                          0
  92          Copy             39   29    0                          0  r[29]=r[39]
  93          Goto              0   81    0                          0
  94          ResetSorter       4    0    0                          0  cursor=4
  95        Return             26    0    1                          0
  96        Goto                0  105    0                          0
  97        Copy               20   40    0                          0  r[40]=r[20]
  98        Copy               21   41    0                          0  r[41]=r[21]
  99        Copy               22   42    0                          0  r[42]=r[22]
 100        Copy               23   43    0                          0  r[43]=r[23]
 101        Copy               19   44    0                          0  r[44]=r[19]
 102        MakeRecord         40    5   17                          0  r[17]=mkrec(r[40..44])
 103        SorterInsert        3   17    0  0                       0  key=r[17]
 104      Return               31    0    0                          0
 105      OpenPseudo            7   17    5                          0  5 columns in r[17]
 106      SorterSort            3  111    0                          0
 107        SorterData          3   17    7                          0  r[17]=data
 108        ColumnRange         7    0   12  5                       0  r[12..16]=pseudo.column 0..column 4
 109        Yield               1    0    0                          0
 110      SorterNext            3  107    0                          0
 111      EndCoroutine          1    0    0                          0
 112      OpenEphemeral         8    1    0                          0  cursor=8 is_table=true
 113      OpenDup               9    8    0                          0  new_cursor=9, original_cursor=8
 114      OpenDup              10    8    0                          0  new_cursor=10, original_cursor=8
 115      Null                  0   58    0                          0  r[58]=NULL
 116      InitCoroutine         1    0    2                          0
 117        Yield               1  157    0                          0
 118        Copy               12   60    0                          0  r[60]=r[12]
 119        NotNull            58  130    0                          0  r[58]!=NULL -> goto 130
 120        Copy               60   61    0                          0  r[61]=r[60]; initialize peer-reference registers for new partition
 121        Copy               61   62    0                          0  r[62]=r[61]
 122        Copy               61   63    0                          0  r[63]=r[61]
 123        Null                0   51   51                          0  r[51..51]=NULL; reset accumulator registers
 124        MakeRecord         12    5   65                          0  r[65]=mkrec(r[12..16])
 125        NewRowid            9   58    0                          0  r[58]=rowid
 126        Insert              9   65   58  buffer_table_window_0   2  intkey=r[58] data=r[65]
 127        Rewind              8  129    0                          0  Rewind  ephemeral(buffer_table_window_0)
 128        Rewind             10  129    0                          0  Rewind  ephemeral(buffer_table_window_0)
 129        Goto                0  156    0                          0
 130        MakeRecord         12    5   66                          0  r[66]=mkrec(r[12..16])
 131        NewRowid            9   58    0                          0  r[58]=rowid
 132        Insert              9   66   58  buffer_table_window_0   2  intkey=r[58] data=r[66]
 133        Compare            60   61    1  k(1, Binary)            0  r[60..60]==r[61..61]; peer of previous row: buffer only, handle at group end
 134        Jump              135  156  135                          0
 135        Copy               60   61    0                          0  r[61]=r[60]
 136        Column             10    3   67                          0  r[67]=ephemeral(buffer_table_window_0).amount
 137        AggStep             0   67   51  sum                     0  accum=r[51] step(r[67])
 138        Next               10  140    0                          0
 139        Goto                0  144    0                          0
 140        Column             10    0   68                          0  r[68]=ephemeral(buffer_table_window_0).sale_date
 141        Compare            63   68    1  k(1, Binary)            0  r[63..63]==r[68..68]
 142        Jump              143  136  143                          0
 143        Copy               68   63    0                          0  r[63]=r[68]
 144        AggValue            0   51   52  sum                     0  accum=r[51] dest=r[52]
 145        ColumnRange         8    1   53  2                       0  r[53..54]=ephemeral(buffer_table_window_0).sale_id..emp_id
 146        Column              8    0   55                          0  r[55]=ephemeral(buffer_table_window_0).sale_date
 147        ColumnRange         8    3   56  2                       0  r[56..57]=ephemeral(buffer_table_window_0).amount..column 4
 148        Gosub              64  183    0                          0
 149        Delete              8    0    0  buffer_table_window_0   0
 150        Next                8  152    0                          0
 151        Goto                0  156    0                          0
 152        Column              8    0   69                          0  r[69]=ephemeral(buffer_table_window_0).sale_date
 153        Compare            62   69    1  k(1, Binary)            0  r[62..62]==r[69..69]
 154        Jump              155  145  155                          0
 155        Copy               69   62    0                          0  r[62]=r[69]
 156      Goto                  0  117    0                          0
 157      Null                  0   59    0                          0  r[59]=NULL; return remaining buffered rows
 158      Rewind                9  180    0                          0  Rewind  ephemeral(buffer_table_window_0)
 159      Column               10    3   70                          0  r[70]=ephemeral(buffer_table_window_0).amount
 160      AggStep               0   70   51  sum                     0  accum=r[51] step(r[70])
 161      Next                 10  163    0                          0
 162      Goto                  0  167    0                          0
 163      Column               10    0   71                          0  r[71]=ephemeral(buffer_table_window_0).sale_date
 164      Compare              63   71    1  k(1, Binary)            0  r[63..63]==r[71..71]
 165      Jump                166  159  166                          0
 166      Copy                 71   63    0                          0  r[63]=r[71]
 167      AggValue              0   51   52  sum                     0  accum=r[51] dest=r[52]
 168      ColumnRange           8    1   53  2                       0  r[53..54]=ephemeral(buffer_table_window_0).sale_id..emp_id
 169      Column                8    0   55                          0  r[55]=ephemeral(buffer_table_window_0).sale_date
 170      ColumnRange           8    3   56  2                       0  r[56..57]=ephemeral(buffer_table_window_0).amount..column 4
 171      Gosub                64  183    0                          0
 172      Delete                8    0    0  buffer_table_window_0   0
 173      Next                  8  175    0                          0
 174      Goto                  0  180    0                          0
 175      Column                8    0   72                          0  r[72]=ephemeral(buffer_table_window_0).sale_date
 176      Compare              62   72    1  k(1, Binary)            0  r[62..62]==r[72..72]
 177      Jump                178  168  178                          0
 178      Copy                 72   62    0                          0  r[62]=r[72]
 179      Goto                  0  167    0                          0
 180      ResetSorter           8    0    0                          0  cursor=8
 181    Return                 59    0    1                          0
 182    Goto                    0  191    0                          0
 183    Copy                   53   45    0                          0  r[45]=r[53]
 184    Copy                   54   46    0                          0  r[46]=r[54]
 185    Copy                   55   47    0                          0  r[47]=r[55]
 186    Copy                   56   48    0                          0  r[48]=r[56]
 187    Copy                   52   49    0                          0  r[49]=r[52]
 188    Copy                   57   50    0                          0  r[50]=r[57]
 189    ResultRow              45    6    0                          0  output=r[45..50]
 190  Return                   64    0    0                          0
 191  Halt                      0    0    0                          0
 192  Transaction               0    1    7                          0  iDb=0 tx_mode=Read
 193  Goto                      0    1    0                          0
