---
source: windows.sqltest
expression: |-
  SELECT
          emp_id,
          name,
          department,
          salary,
          dept_avg,
          salary - dept_avg AS diff_from_avg,
          ROW_NUMBER() OVER (ORDER BY salary - dept_avg DESC) AS rank_by_diff
      FROM (
          SELECT
              emp_id,
              name,
              department,
              salary,
              AVG(salary) OVER (PARTITION BY department) AS dept_avg
          FROM employees
      );
info:
  statement_type: SELECT
  tables:
  - employees
  setup_blocks:
  - schema
  database: ':memory:'
---
QUERY PLAN
`--SCAN window_subquery_0
   |--SCAN (subquery-0)
   |  `--SCAN window_subquery_0
   |     `--SCAN employees USING INDEX idx_employees_department
   `--USE SORTER FOR ORDER BY

BYTECODE
addr  opcode                  p1   p2  p3  p4                     p5  comment
   0          Init             0  155   0                          0  Start at 155
   1          InitCoroutine    1  103   2                          0
   2          InitCoroutine    2   82   3                          0
   3          InitCoroutine    3   15   4                          0
   4          OpenRead         0    2   0  k(5,B,B,B,B,B)          0  table=employees, root=2, iDb=0
   5          OpenRead         1    4   0  k(2,B)                  0  index=idx_employees_department, root=4, iDb=0
   6          Rewind           1   14   0                          0  Rewind index idx_employees_department
   7            DeferredSeek   1    0   0                          0
   8            Column         1    0   4                          0  r[4]=idx_employees_department.department
   9            IdxRowId       1    5   0                          0  r[5]=cursor 1 for index idx_employees_department.rowid
  10            Column         0    1   6                          0  r[6]=employees.name
  11            Column         0    3   7                          0  r[7]=employees.salary
  12            Yield          3    0   0                          0
  13          Next             1    7   0                          1
  14          EndCoroutine     3    0   0                          0
  15          OpenEphemeral    2    1   0                          0  cursor=2 is_table=true
  16          OpenDup          3    2   0                          0  new_cursor=3, original_cursor=2
  17          OpenDup          4    2   0                          0  new_cursor=4, original_cursor=2
  18          Null             0   19   0                          0  r[19]=NULL
  19          Null             0   20   0                          0  r[20]=NULL
  20          InitCoroutine    3    0   4                          0
  21            Yield          3   54   0                          0
  22            Compare        4   20   1  k(1, Binary)            0  r[4..4]==r[20..20]; compare partition keys to detect new partition
  23            Jump          24   27  24                          0
  24            Gosub         21   55   0                          0  ; detected new partition
  25            Null           0   19   0                          0  r[19]=NULL
  26            Copy           4   20   0                          0  r[20]=r[4]
  27            NotNull       19   35   0                          0  r[19]!=NULL -> goto 35
  28            Null           0   13  13                          0  r[13..13]=NULL; reset accumulator registers
  29            MakeRecord     4    4  23                          0  r[23]=mkrec(r[4..7])
  30            NewRowid       3   19   0                          0  r[19]=rowid
  31            Insert         3   23  19  buffer_table_window_0   2  intkey=r[19] data=r[23]
  32            Rewind         2   34   0                          0  Rewind  ephemeral(buffer_table_window_0)
  33            Rewind         4   34   0                          0  Rewind  ephemeral(buffer_table_window_0)
  34            Goto           0   53   0                          0
  35            MakeRecord     4    4  24                          0  r[24]=mkrec(r[4..7])
  36            NewRowid       3   19   0                          0  r[19]=rowid
  37            Insert         3   24  19  buffer_table_window_0   2  intkey=r[19] data=r[24]
  38            Goto           0   53   0                          0  ; peer of previous row: buffer only, handle at group end
  39            Column         4    3  25                          0  r[25]=ephemeral(buffer_table_window_0).salary
  40            AggStep        0   25  13  avg                     0  accum=r[13] step(r[25])
  41            Next           4   43   0                          0
  42            Goto           0   44   0                          0
  43            Goto           0   39   0                          0
  44            AggValue       0   13  14  avg                     0  accum=r[13] dest=r[14]
  45            ColumnRange    2    1  15  2                       0  r[15..16]=ephemeral(buffer_table_window_0).emp_id..name
  46            Column         2    0  17                          0  r[17]=ephemeral(buffer_table_window_0).department
  47            Column         2    3  18                          0  r[18]=ephemeral(buffer_table_window_0).salary
  48            Gosub         22   74   0                          0
  49            Delete         2    0   0  buffer_table_window_0   0
  50            Next           2   52   0                          0
  51            Goto           0   53   0                          0
  52            Goto           0   45   0                          0
  53          Goto             0   21   0                          0
  54          Null             0   21   0                          0  r[21]=NULL; return remaining buffered rows
  55          Rewind           3   71   0                          0  Rewind  ephemeral(buffer_table_window_0)
  56          Column           4    3  26                          0  r[26]=ephemeral(buffer_table_window_0).salary
  57          AggStep          0   26  13  avg                     0  accum=r[13] step(r[26])
  58          Next             4   60   0                          0
  59          Goto             0   61   0                          0
  60          Goto             0   56   0                          0
  61          AggValue         0   13  14  avg                     0  accum=r[13] dest=r[14]
  62          ColumnRange      2    1  15  2                       0  r[15..16]=ephemeral(buffer_table_window_0).emp_id..name
  63          Column           2    0  17                          0  r[17]=ephemeral(buffer_table_window_0).department
  64          Column           2    3  18                          0  r[18]=ephemeral(buffer_table_window_0).salary
  65          Gosub           22   74   0                          0
  66          Delete           2    0   0  buffer_table_window_0   0
  67          Next             2   69   0                          0
  68          Goto             0   71   0                          0
  69          Goto             0   62   0                          0
  70          Goto             0   61   0                          0
  71          ResetSorter      2    0   0                          0  cursor=2
  72        Return            21    0   1                          0
  73        Goto               0   81   0                          0
  74        Copy              15    8   0                          0  r[8]=r[15]
  75        Copy              16    9   0                          0  r[9]=r[16]
  76        Copy              17   10   0                          0  r[10]=r[17]
  77        Copy              18   11   0                          0  r[11]=r[18]
  78        Copy              14   12   0                          0  r[12]=r[14]
  79        Yield              2    0   0                          0
  80      Return              22    0   0                          0
  81      EndCoroutine         2    0   0                          0
  82      SorterOpen           5    1   0  k(1,-Binary)            0  cursor=5
  83      InitCoroutine        2    0   3                          0
  84        Yield              2   96   0                          0
  85        Copy              11   40   0                          0  r[40]=r[11]
  86        Copy              12   41   0                          0  r[41]=r[12]
  87        Subtract          40   41  34                          0  r[34]=r[40]-r[41]
  88        Copy               8   35   0                          0  r[35]=r[8]
  89        Copy               9   36   0                          0  r[36]=r[9]
  90        Copy              10   37   0                          0  r[37]=r[10]
  91        Copy              11   38   0                          0  r[38]=r[11]
  92        Copy              12   39   0                          0  r[39]=r[12]
  93        MakeRecord        34    6  33                          0  r[33]=mkrec(r[34..39])
  94        SorterInsert       5   33   0  0                       0  key=r[33]
  95      Goto                 0   84   0                          0
  96      OpenPseudo           6   33   6                          0  6 columns in r[33]
  97      SorterSort           5  102   0                          0
  98        SorterData         5   33   6                          0  r[33]=data
  99        ColumnRange        6    0  27  6                       0  r[27..32]=pseudo.column 0..column 5
 100        Yield              1    0   0                          0
 101      SorterNext           5   98   0                          0
 102      EndCoroutine         1    0   0                          0
 103      OpenEphemeral        7    1   0                          0  cursor=7 is_table=true
 104      OpenDup              8    7   0                          0  new_cursor=8, original_cursor=7
 105      OpenDup              9    7   0                          0  new_cursor=9, original_cursor=7
 106      Null                 0   56   0                          0  r[56]=NULL
 107      InitCoroutine        1    0   2                          0
 108        Yield              1  129   0                          0
 109        Copy              27   58   0                          0  r[58]=r[27]
 110        NotNull           56  118   0                          0  r[56]!=NULL -> goto 118
 111        Null               0   49  49                          0  r[49..49]=NULL; reset accumulator registers
 112        MakeRecord        27    6  60                          0  r[60]=mkrec(r[27..32])
 113        NewRowid           8   56   0                          0  r[56]=rowid
 114        Insert             8   60  56  buffer_table_window_0   2  intkey=r[56] data=r[60]
 115        Rewind             7  117   0                          0  Rewind  ephemeral(buffer_table_window_0)
 116        Rewind             9  117   0                          0  Rewind  ephemeral(buffer_table_window_0)
 117        Goto               0  128   0                          0
 118        MakeRecord        27    6  61                          0  r[61]=mkrec(r[27..32])
 119        NewRowid           8   56   0                          0  r[56]=rowid
 120        Insert             8   61  56  buffer_table_window_0   2  intkey=r[56] data=r[61]
 121        AggStep            0    0  49  row_number              0  accum=r[49] step(r[0])
 122        Next               9  123   0                          0
 123        AggValue           0   49  50  row_number              0  accum=r[49] dest=r[50]
 124        ColumnRange        7    1  51  5                       0  r[51..55]=ephemeral(buffer_table_window_0).emp_id..dept_avg
 125        Gosub             59  143   0                          0
 126        Delete             7    0   0  buffer_table_window_0   0
 127        Next               7  128   0                          0
 128      Goto                 0  108   0                          0
 129      Null                 0   57   0                          0  r[57]=NULL; return remaining buffered rows
 130      Rewind               8  140   0                          0  Rewind  ephemeral(buffer_table_window_0)
 131      AggStep              0    0  49  row_number              0  accum=r[49] step(r[0])
 132      Next                 9  133   0                          0
 133      AggValue             0   49  50  row_number              0  accum=r[49] dest=r[50]
 134      ColumnRange          7    1  51  5                       0  r[51..55]=ephemeral(buffer_table_window_0).emp_id..dept_avg
 135      Gosub               59  143   0                          0
 136      Delete               7    0   0  buffer_table_window_0   0
 137      Next                 7  139   0                          0
 138      Goto                 0  140   0                          0
 139      Goto                 0  133   0                          0
 140      ResetSorter          7    0   0                          0  cursor=7
 141    Return                57    0   1                          0
 142    Goto                   0  154   0                          0
 143    Copy                  51   42   0                          0  r[42]=r[51]
 144    Copy                  52   43   0                          0  r[43]=r[52]
 145    Copy                  53   44   0                          0  r[44]=r[53]
 146    Copy                  54   45   0                          0  r[45]=r[54]
 147    Copy                  55   46   0                          0  r[46]=r[55]
 148    Copy                  54   62   0                          0  r[62]=r[54]
 149    Copy                  55   63   0                          0  r[63]=r[55]
 150    Subtract              62   63  47                          0  r[47]=r[62]-r[63]
 151    Copy                  50   48   0                          0  r[48]=r[50]
 152    ResultRow             42    7   0                          0  output=r[42..48]
 153  Return                  59    0   0                          0
 154  Halt                     0    0   0                          0
 155  Transaction              0    1   7                          0  iDb=0 tx_mode=Read
 156  Goto                     0    1   0                          0
